Archive member included to satisfy reference by file (symbol)

C:/Program Files/SEGGER/SEGGER Embedded Studio for ARM 6.34a/lib/libc_v7em_fpv4_sp_d16_hard_t_le_eabi_balanced.a(floatasmops_arm.o)
                              Output/Debug/Obj/nRF52840_DK_BaseCode/filter.o (__aeabi_dadd)
C:/Program Files/SEGGER/SEGGER Embedded Studio for ARM 6.34a/lib/libc_v7em_fpv4_sp_d16_hard_t_le_eabi_balanced.a(floatops.o)
                              Output/Debug/Obj/nRF52840_DK_BaseCode/filter.o (sinf)
C:/Program Files/SEGGER/SEGGER Embedded Studio for ARM 6.34a/lib/libc_v7em_fpv4_sp_d16_hard_t_le_eabi_balanced.a(strasmops_arm.o)
                              Output/Debug/Obj/nRF52840_DK_BaseCode/nrf_fprintf_format.o (strlen)
C:/Program Files/SEGGER/SEGGER Embedded Studio for ARM 6.34a/lib/libc_v7em_fpv4_sp_d16_hard_t_le_eabi_balanced.a(strops.o)
                              Output/Debug/Obj/nRF52840_DK_BaseCode/ring_buffer.o (strncpy)
C:/Program Files/SEGGER/SEGGER Embedded Studio for ARM 6.34a/lib/libc_v7em_fpv4_sp_d16_hard_t_le_eabi_balanced.a(scanops.o)
                              Output/Debug/Obj/nRF52840_DK_BaseCode/cli.o (sscanf)
C:/Program Files/SEGGER/SEGGER Embedded Studio for ARM 6.34a/lib/libc_v7em_fpv4_sp_d16_hard_t_le_eabi_balanced.a(prinops.o)
                              Output/Debug/Obj/nRF52840_DK_BaseCode/app_usbd_serial_num.o (snprintf)
C:/Program Files/SEGGER/SEGGER Embedded Studio for ARM 6.34a/lib/libc_v7em_fpv4_sp_d16_hard_t_le_eabi_balanced.a(__SEGGER_RTL_vfprintf_short_float_long_wchar.o)
                              (__SEGGER_RTL_vfprintf_short_float_long_wchar)
C:/Program Files/SEGGER/SEGGER Embedded Studio for ARM 6.34a/lib/libc_v7em_fpv4_sp_d16_hard_t_le_eabi_balanced.a(__SEGGER_RTL_vfscanf_float_long_cc.o)
                              (__SEGGER_RTL_vfscanf_float_long_cc)
C:/Program Files/SEGGER/SEGGER Embedded Studio for ARM 6.34a/lib/libc_v7em_fpv4_sp_d16_hard_t_le_eabi_balanced.a(errno.o)
                              C:/Program Files/SEGGER/SEGGER Embedded Studio for ARM 6.34a/lib/libc_v7em_fpv4_sp_d16_hard_t_le_eabi_balanced.a(__SEGGER_RTL_vfscanf_float_long_cc.o) (__aeabi_errno_addr)
C:/Program Files/SEGGER/SEGGER Embedded Studio for ARM 6.34a/lib/libc_v7em_fpv4_sp_d16_hard_t_le_eabi_balanced.a(execops.o)
                              C:/Program Files/SEGGER/SEGGER Embedded Studio for ARM 6.34a/lib/libc_v7em_fpv4_sp_d16_hard_t_le_eabi_balanced.a(strops.o) (__SEGGER_RTL_constraint_violation)
C:/Program Files/SEGGER/SEGGER Embedded Studio for ARM 6.34a/lib/libc_v7em_fpv4_sp_d16_hard_t_le_eabi_balanced.a(execops_arm.o)
                              C:/Program Files/SEGGER/SEGGER Embedded Studio for ARM 6.34a/lib/libc_v7em_fpv4_sp_d16_hard_t_le_eabi_balanced.a(execops.o) (__aeabi_SIGABRT)
C:/Program Files/SEGGER/SEGGER Embedded Studio for ARM 6.34a/lib/libc_v7em_fpv4_sp_d16_hard_t_le_eabi_balanced.a(fileops.o)
                              C:/Program Files/SEGGER/SEGGER Embedded Studio for ARM 6.34a/lib/libc_v7em_fpv4_sp_d16_hard_t_le_eabi_balanced.a(scanops.o) (ungetc)
C:/Program Files/SEGGER/SEGGER Embedded Studio for ARM 6.34a/lib/libc_v7em_fpv4_sp_d16_hard_t_le_eabi_balanced.a(intasmops_arm.o)
                              C:/Program Files/SEGGER/SEGGER Embedded Studio for ARM 6.34a/lib/libc_v7em_fpv4_sp_d16_hard_t_le_eabi_balanced.a(__SEGGER_RTL_vfprintf_short_float_long_wchar.o) (__aeabi_uldivmod)
C:/Program Files/SEGGER/SEGGER Embedded Studio for ARM 6.34a/lib/libc_v7em_fpv4_sp_d16_hard_t_le_eabi_balanced.a(intops.o)
                              C:/Program Files/SEGGER/SEGGER Embedded Studio for ARM 6.34a/lib/libc_v7em_fpv4_sp_d16_hard_t_le_eabi_balanced.a(__SEGGER_RTL_vfprintf_short_float_long_wchar.o) (abs)
C:/Program Files/SEGGER/SEGGER Embedded Studio for ARM 6.34a/lib/libc_v7em_fpv4_sp_d16_hard_t_le_eabi_balanced.a(mbops.o)
                              C:/Program Files/SEGGER/SEGGER Embedded Studio for ARM 6.34a/lib/libc_v7em_fpv4_sp_d16_hard_t_le_eabi_balanced.a(scanops.o) (__SEGGER_RTL_current_locale)
C:/Program Files/SEGGER/SEGGER Embedded Studio for ARM 6.34a/lib/libc_v7em_fpv4_sp_d16_hard_t_le_eabi_balanced.a(sortops.o)
                              C:/Program Files/SEGGER/SEGGER Embedded Studio for ARM 6.34a/lib/libc_v7em_fpv4_sp_d16_hard_t_le_eabi_balanced.a(mbops.o) (bsearch)
C:/Program Files/SEGGER/SEGGER Embedded Studio for ARM 6.34a/lib/libc_v7em_fpv4_sp_d16_hard_t_le_eabi_balanced.a(timeops.o)
                              C:/Program Files/SEGGER/SEGGER Embedded Studio for ARM 6.34a/lib/libc_v7em_fpv4_sp_d16_hard_t_le_eabi_balanced.a(mbops.o) (__SEGGER_RTL_string_list_encode)
C:/Program Files/SEGGER/SEGGER Embedded Studio for ARM 6.34a/lib/libc_v7em_fpv4_sp_d16_hard_t_le_eabi_balanced.a(utilops.o)
                              C:/Program Files/SEGGER/SEGGER Embedded Studio for ARM 6.34a/lib/libc_v7em_fpv4_sp_d16_hard_t_le_eabi_balanced.a(__SEGGER_RTL_vfscanf_float_long_cc.o) (__SEGGER_RTL_pow10)
[...]
Memory Configuration

Name             Origin             Length             Attributes
UNPLACED_SECTIONS 0x0000000100000000 0x0000000000000000 xw
RAM              0x0000000020000000 0x0000000000040000 xw
FLASH            0x0000000000000000 0x0000000000100000 xw
*default*        0x0000000000000000 0xffffffffffffffff

Linker script and memory map

                0x0000000000011d88                __SEGGER_RTL_vfprintf = __SEGGER_RTL_vfprintf_short_float_long_wchar
                0x0000000000012a20                __SEGGER_RTL_vfscanf = __SEGGER_RTL_vfscanf_float_long_cc
                0x0000000020000000                __RAM_segment_start__ = 0x20000000
                0x0000000020040000                __RAM_segment_end__ = 0x20040000
                0x0000000000040000                __RAM_segment_size__ = 0x40000
                0x0000000000000000                __FLASH_segment_start__ = 0x0
                0x0000000000100000                __FLASH_segment_end__ = 0x100000
                0x0000000000100000                __FLASH_segment_size__ = 0x100000
                0x0000000000002000                __HEAPSIZE__ = 0x2000
                0x0000000000000000                __STACKSIZE_PROCESS__ = 0x0
                0x0000000000002000                __STACKSIZE__ = 0x2000
                0x0000000020000000                __vectors_ram_load_start__ = 0x20000000

.vectors_ram    0x0000000020000000        0x0
                0x0000000020000000                __vectors_ram_start__ = .
                0x0000000020000000                __app_ram_start__ = __vectors_ram_start__
 *(.vectors_ram .vectors_ram.*)
                0x0000000020000000                __vectors_ram_end__ = (__vectors_ram_start__ + SIZEOF (.vectors_ram))
                0x0000000000000000                __vectors_ram_size__ = SIZEOF (.vectors_ram)
                0x0000000020000000                __vectors_ram_load_end__ = __vectors_ram_end__
                0x0000000000000001                . = ASSERT (((__vectors_ram_start__ == __vectors_ram_end__) || ((__vectors_ram_end__ - __RAM_segment_start__) <= __RAM_segment_size__)), error: .vectors_ram is too large to fit in RAM memory segment)
                0x0000000020000000                __nrf_sections_run_load_start__ = ALIGN (__vectors_ram_end__, 0x4)

.nrf_sections_run
                0x0000000020000000        0x0
                0x0000000020000000                __nrf_sections_run_start__ = .
                0x0000000020000000                __start_nrf_sections_run = __nrf_sections_run_start__
 *(.nrf_sections_run .nrf_sections_run.*)
                0x0000000020000000                __nrf_sections_run_end__ = (__nrf_sections_run_start__ + SIZEOF (.nrf_sections_run))
                0x0000000000000000                __nrf_sections_run_size__ = SIZEOF (.nrf_sections_run)
                0x0000000020000000                __nrf_sections_run_load_end__ = __nrf_sections_run_end__
                0x0000000000000001                . = ASSERT (((__nrf_sections_run_start__ == __nrf_sections_run_end__) || ((__nrf_sections_run_end__ - __RAM_segment_start__) <= __RAM_segment_size__)), error: .nrf_sections_run is too large to fit in RAM memory segment)
                0x0000000000000000                __vectors_load_start__ = 0x0

.vectors        0x0000000000000000      0x200
                0x0000000000000000                __vectors_start__ = .
 *(.vectors .vectors.*)
 .vectors       0x0000000000000000      0x200 Output/Debug/Obj/nRF52840_DK_BaseCode/ses_startup_nrf52840.o
                0x0000000000000000                _vectors
                0x0000000000000200                __vectors_end__ = (__vectors_start__ + SIZEOF (.vectors))
                0x0000000000000200                __vectors_size__ = SIZEOF (.vectors)
                0x0000000000000200                __vectors_load_end__ = __vectors_end__
                0x0000000000000001                . = ASSERT (((__vectors_start__ == __vectors_end__) || ((__vectors_end__ - __FLASH_segment_start__) <= __FLASH_segment_size__)), error: .vectors is too large to fit in FLASH memory segment)
                0x0000000000000200                __init_load_start__ = ALIGN (__vectors_end__, 0x4)

.init           0x0000000000000200      0x1cc
                0x0000000000000200                __init_start__ = .
 *(.init .init.*)
 .init          0x0000000000000200      0x158 Output/Debug/Obj/nRF52840_DK_BaseCode/thumb_crt0.o
                0x0000000000000200                _start
                0x00000000000002ae                exit
 .init          0x0000000000000358       0x18 Output/Debug/Obj/nRF52840_DK_BaseCode/ses_startup_nrf52840.o
                0x0000000000000358                NMI_Handler
                0x000000000000035a                HardFault_Handler
                0x000000000000035c                MemoryManagement_Handler
                0x000000000000035e                BusFault_Handler
                0x0000000000000360                UsageFault_Handler
                0x0000000000000362                SVC_Handler
                0x0000000000000364                DebugMon_Handler
                0x0000000000000366                PendSV_Handler
                0x000000000000036a                PWM1_IRQHandler
                0x000000000000036a                GPIOTE_IRQHandler
                0x000000000000036a                RTC0_IRQHandler
                0x000000000000036a                RADIO_IRQHandler
                0x000000000000036a                PDM_IRQHandler
                0x000000000000036a                SWI2_EGU2_IRQHandler
                0x000000000000036a                QDEC_IRQHandler
                0x000000000000036a                TIMER3_IRQHandler
                0x000000000000036a                PWM3_IRQHandler
                0x000000000000036a                FPU_IRQHandler
                0x000000000000036a                SPIM0_SPIS0_TWIM0_TWIS0_SPI0_TWI0_IRQHandler
                0x000000000000036a                QSPI_IRQHandler
                0x000000000000036a                TIMER4_IRQHandler
                0x000000000000036a                TEMP_IRQHandler
                0x000000000000036a                I2S_IRQHandler
                0x000000000000036a                SWI4_EGU4_IRQHandler
                0x000000000000036a                TIMER0_IRQHandler
                0x000000000000036a                Dummy_Handler
                0x000000000000036a                SPIM3_IRQHandler
                0x000000000000036a                PWM2_IRQHandler
                0x000000000000036a                ECB_IRQHandler
                0x000000000000036a                SPIM1_SPIS1_TWIM1_TWIS1_SPI1_TWI1_IRQHandler
                0x000000000000036a                CCM_AAR_IRQHandler
                0x000000000000036a                WDT_IRQHandler
                0x000000000000036a                SWI0_EGU0_IRQHandler
                0x000000000000036a                SWI5_EGU5_IRQHandler
                0x000000000000036a                RNG_IRQHandler
                0x000000000000036a                RTC2_IRQHandler
                0x000000000000036a                PWM0_IRQHandler
                0x000000000000036a                SWI3_EGU3_IRQHandler
                0x000000000000036a                RTC1_IRQHandler
                0x000000000000036a                SWI1_EGU1_IRQHandler
                0x000000000000036a                SPIM2_SPIS2_SPI2_IRQHandler
                0x000000000000036a                NFCT_IRQHandler
                0x000000000000036a                CRYPTOCELL_IRQHandler
                0x000000000000036a                MWU_IRQHandler
                0x000000000000036a                TIMER2_IRQHandler
                0x000000000000036a                COMP_LPCOMP_IRQHandler
                0x000000000000036c                nRFInitialize
 .init          0x0000000000000370       0x5c Output/Debug/Obj/nRF52840_DK_BaseCode/ses_startup_nrf_common.o
                0x0000000000000370                Reset_Handler
                0x0000000000000374                afterInitialize
                0x0000000000000398                InitializeUserMemorySections
                0x00000000000003cc                __init_end__ = (__init_start__ + SIZEOF (.init))
                0x00000000000001cc                __init_size__ = SIZEOF (.init)
                0x00000000000003cc                __init_load_end__ = __init_end__
                0x0000000000000001                . = ASSERT (((__init_start__ == __init_end__) || ((__init_end__ - __FLASH_segment_start__) <= __FLASH_segment_size__)), error: .init is too large to fit in FLASH memory segment)
                0x00000000000003cc                __init_rodata_load_start__ = ALIGN (__init_end__, 0x4)

.init_rodata    0x00000000000003cc        0x0
                0x00000000000003cc                __init_rodata_start__ = .
 *(.init_rodata .init_rodata.*)
                0x00000000000003cc                __init_rodata_end__ = (__init_rodata_start__ + SIZEOF (.init_rodata))
                0x0000000000000000                __init_rodata_size__ = SIZEOF (.init_rodata)
                0x00000000000003cc                __init_rodata_load_end__ = __init_rodata_end__
                0x0000000000000001                . = ASSERT (((__init_rodata_start__ == __init_rodata_end__) || ((__init_rodata_end__ - __FLASH_segment_start__) <= __FLASH_segment_size__)), error: .init_rodata is too large to fit in FLASH memory segment)
                0x00000000000003cc                __text_load_start__ = ALIGN (__init_rodata_end__, 0x4)

.text           0x00000000000003cc    0x13268
                0x00000000000003cc                __text_start__ = .
 *(.text .text.* .gnu.linkonce.t.* .glue_7t .glue_7 .gcc_except_table .ARM.extab* .gnu.linkonce.armextab.*)
 .glue_7        0x00000000000003cc        0x0 linker stubs
 .glue_7t       0x00000000000003cc        0x0 linker stubs
 .text.__aeabi_read_tp
                0x00000000000003cc        0x8 Output/Debug/Obj/nRF52840_DK_BaseCode/thumb_crt0.o
                0x00000000000003cc                __aeabi_read_tp
 .text.app_error_save_and_stop
                0x00000000000003d4       0x9c Output/Debug/Obj/nRF52840_DK_BaseCode/app_error.o
                0x00000000000003d4                app_error_save_and_stop
 .text.app_error_handler
                0x0000000000000470       0x1c Output/Debug/Obj/nRF52840_DK_BaseCode/app_error_handler_gcc.o
                0x0000000000000470                app_error_handler
 .text.app_error_fault_handler
                0x000000000000048c       0x54 Output/Debug/Obj/nRF52840_DK_BaseCode/app_error_weak.o
                0x000000000000048c                app_error_fault_handler
 .text.NVIC_GetPriority
                0x00000000000004e0       0x48 Output/Debug/Obj/nRF52840_DK_BaseCode/app_util_platform.o
 .text.app_util_disable_irq
                0x0000000000000528       0x18 Output/Debug/Obj/nRF52840_DK_BaseCode/app_util_platform.o
                0x0000000000000528                app_util_disable_irq
 .text.app_util_enable_irq
                0x0000000000000540       0x20 Output/Debug/Obj/nRF52840_DK_BaseCode/app_util_platform.o
                0x0000000000000540                app_util_enable_irq
 .text.app_util_critical_region_enter
                0x0000000000000560       0x28 Output/Debug/Obj/nRF52840_DK_BaseCode/app_util_platform.o
                0x0000000000000560                app_util_critical_region_enter
 .text.app_util_critical_region_exit
                0x0000000000000588       0x2c Output/Debug/Obj/nRF52840_DK_BaseCode/app_util_platform.o
                0x0000000000000588                app_util_critical_region_exit
 .text.privilege_level_get
                0x00000000000005b4       0x3a Output/Debug/Obj/nRF52840_DK_BaseCode/app_util_platform.o
                0x00000000000005b4                privilege_level_get
 .text.current_int_priority_get
                0x00000000000005ee       0x38 Output/Debug/Obj/nRF52840_DK_BaseCode/app_util_platform.o
                0x00000000000005ee                current_int_priority_get
 .text.assert_nrf_callback
                0x0000000000000626       0x2e Output/Debug/Obj/nRF52840_DK_BaseCode/nrf_assert.o
                0x0000000000000626                assert_nrf_callback
 .text.nrf_atomic_u32_fetch_store
                0x0000000000000654       0x2e Output/Debug/Obj/nRF52840_DK_BaseCode/nrf_atomic.o
                0x0000000000000654                nrf_atomic_u32_fetch_store
 .text.nrf_atomic_u32_fetch_and
                0x0000000000000682       0x30 Output/Debug/Obj/nRF52840_DK_BaseCode/nrf_atomic.o
                0x0000000000000682                nrf_atomic_u32_fetch_and
 .text.nrf_atomic_u32_add
                0x00000000000006b2       0x30 Output/Debug/Obj/nRF52840_DK_BaseCode/nrf_atomic.o
                0x00000000000006b2                nrf_atomic_u32_add
 .text.nrf_atomic_u32_sub_hs
                0x00000000000006e2       0x34 Output/Debug/Obj/nRF52840_DK_BaseCode/nrf_atomic.o
                0x00000000000006e2                nrf_atomic_u32_sub_hs
 .text.nrf_atomic_flag_clear_fetch
                0x0000000000000716       0x18 Output/Debug/Obj/nRF52840_DK_BaseCode/nrf_atomic.o
                0x0000000000000716                nrf_atomic_flag_clear_fetch
 *fill*         0x000000000000072e        0x2 
 .text.nrf_drv_uart_tx
                0x0000000000000730       0x64 Output/Debug/Obj/nRF52840_DK_BaseCode/app_uart_fifo.o
 .text.nrf_drv_uart_tx_in_progress
                0x0000000000000794       0x5c Output/Debug/Obj/nRF52840_DK_BaseCode/app_uart_fifo.o
 .text.nrf_drv_uart_rx
                0x00000000000007f0       0x64 Output/Debug/Obj/nRF52840_DK_BaseCode/app_uart_fifo.o
 .text.fifo_length
                0x0000000000000854       0x18 Output/Debug/Obj/nRF52840_DK_BaseCode/app_uart_fifo.o
 .text.uart_event_handler
                0x000000000000086c      0x110 Output/Debug/Obj/nRF52840_DK_BaseCode/app_uart_fifo.o
 .text.app_uart_init
                0x000000000000097c      0x120 Output/Debug/Obj/nRF52840_DK_BaseCode/app_uart_fifo.o
                0x000000000000097c                app_uart_init
 .text.app_uart_get
                0x0000000000000a9c       0x74 Output/Debug/Obj/nRF52840_DK_BaseCode/app_uart_fifo.o
                0x0000000000000a9c                app_uart_get
 .text.app_uart_put
                0x0000000000000b10       0x60 Output/Debug/Obj/nRF52840_DK_BaseCode/app_uart_fifo.o
                0x0000000000000b10                app_uart_put
 .text.fifo_length
                0x0000000000000b70       0x18 Output/Debug/Obj/nRF52840_DK_BaseCode/app_fifo.o
 .text.fifo_put
                0x0000000000000b88       0x30 Output/Debug/Obj/nRF52840_DK_BaseCode/app_fifo.o
 .text.fifo_peek
                0x0000000000000bb8       0x2e Output/Debug/Obj/nRF52840_DK_BaseCode/app_fifo.o
 .text.fifo_get
                0x0000000000000be6       0x24 Output/Debug/Obj/nRF52840_DK_BaseCode/app_fifo.o
 .text.app_fifo_init
                0x0000000000000c0a       0x58 Output/Debug/Obj/nRF52840_DK_BaseCode/app_fifo.o
                0x0000000000000c0a                app_fifo_init
 .text.app_fifo_put
                0x0000000000000c62       0x36 Output/Debug/Obj/nRF52840_DK_BaseCode/app_fifo.o
                0x0000000000000c62                app_fifo_put
 .text.app_fifo_get
                0x0000000000000c98       0x2a Output/Debug/Obj/nRF52840_DK_BaseCode/app_fifo.o
                0x0000000000000c98                app_fifo_get
 *fill*         0x0000000000000cc2        0x2 
 .text.nrf_usbd_setup_bmrequesttype_get
                0x0000000000000cc4       0x10 Output/Debug/Obj/nRF52840_DK_BaseCode/app_usbd.o
 .text.nrf_usbd_setup_brequest_get
                0x0000000000000cd4       0x10 Output/Debug/Obj/nRF52840_DK_BaseCode/app_usbd.o
 .text.nrf_drv_usbd_uninit
                0x0000000000000ce4        0xc Output/Debug/Obj/nRF52840_DK_BaseCode/app_usbd.o
 .text.app_usbd_setup_req_val
                0x0000000000000cf0       0x58 Output/Debug/Obj/nRF52840_DK_BaseCode/app_usbd.o
 .text.app_usbd_class_iface_count_get
                0x0000000000000d48        0xe Output/Debug/Obj/nRF52840_DK_BaseCode/app_usbd.o
 *fill*         0x0000000000000d56        0x2 
 .text.app_usbd_class_iface_get
                0x0000000000000d58       0x54 Output/Debug/Obj/nRF52840_DK_BaseCode/app_usbd.o
 .text.app_usbd_class_iface_number_get
                0x0000000000000dac        0xe Output/Debug/Obj/nRF52840_DK_BaseCode/app_usbd.o
 .text.app_usbd_class_iface_ep_count_get
                0x0000000000000dba        0xe Output/Debug/Obj/nRF52840_DK_BaseCode/app_usbd.o
 .text.app_usbd_class_iface_ep_get
                0x0000000000000dc8       0x4c Output/Debug/Obj/nRF52840_DK_BaseCode/app_usbd.o
 .text.app_usbd_class_ep_address_get
                0x0000000000000e14        0xe Output/Debug/Obj/nRF52840_DK_BaseCode/app_usbd.o
 .text.app_usbd_class_data_access
                0x0000000000000e22        0xe Output/Debug/Obj/nRF52840_DK_BaseCode/app_usbd.o
 .text.app_usbd_class_next_get
                0x0000000000000e30       0x2c Output/Debug/Obj/nRF52840_DK_BaseCode/app_usbd.o
 .text.app_usbd_class_sof_next_get
                0x0000000000000e5c       0x2c Output/Debug/Obj/nRF52840_DK_BaseCode/app_usbd.o
 .text.app_usbd_class_sof_interrupt_next_get
                0x0000000000000e88       0x2c Output/Debug/Obj/nRF52840_DK_BaseCode/app_usbd.o
 .text.app_usbd_core_instance_access
                0x0000000000000eb4        0xc Output/Debug/Obj/nRF52840_DK_BaseCode/app_usbd.o
 .text.nrf_power_usbregstatus_get
                0x0000000000000ec0        0xc Output/Debug/Obj/nRF52840_DK_BaseCode/app_usbd.o
 .text.nrf_power_usbregstatus_vbusdet_get
                0x0000000000000ecc       0x1a Output/Debug/Obj/nRF52840_DK_BaseCode/app_usbd.o
 .text.nrf_power_usbregstatus_outrdy_get
                0x0000000000000ee6       0x1a Output/Debug/Obj/nRF52840_DK_BaseCode/app_usbd.o
 .text.class_event_handler
                0x0000000000000f00       0x58 Output/Debug/Obj/nRF52840_DK_BaseCode/app_usbd.o
 .text.class_sof_interrupt_handler
                0x0000000000000f58       0x58 Output/Debug/Obj/nRF52840_DK_BaseCode/app_usbd.o
 .text.user_event_handler
                0x0000000000000fb0       0x30 Output/Debug/Obj/nRF52840_DK_BaseCode/app_usbd.o
 .text.user_event_state_proc
                0x0000000000000fe0       0x2c Output/Debug/Obj/nRF52840_DK_BaseCode/app_usbd.o
 .text.app_usbd_class_descriptor_find
                0x000000000000100c      0x100 Output/Debug/Obj/nRF52840_DK_BaseCode/app_usbd.o
                0x000000000000100c                app_usbd_class_descriptor_find
 .text.app_usbd_ep_conf_access
                0x000000000000110c       0x78 Output/Debug/Obj/nRF52840_DK_BaseCode/app_usbd.o
 .text.app_usbd_ep_instance_get
                0x0000000000001184       0x20 Output/Debug/Obj/nRF52840_DK_BaseCode/app_usbd.o
 .text.app_usbd_ep_instance_set
                0x00000000000011a4       0x5c Output/Debug/Obj/nRF52840_DK_BaseCode/app_usbd.o
 .text.app_usbd_core_handler_call
                0x0000000000001200       0x24 Output/Debug/Obj/nRF52840_DK_BaseCode/app_usbd.o
 .text.app_usbd_event_add
                0x0000000000001224      0x124 Output/Debug/Obj/nRF52840_DK_BaseCode/app_usbd.o
 .text.app_usbd_power_event_handler
                0x0000000000001348       0x5c Output/Debug/Obj/nRF52840_DK_BaseCode/app_usbd.o
 .text.app_usbd_event_handler
                0x00000000000013a4       0x14 Output/Debug/Obj/nRF52840_DK_BaseCode/app_usbd.o
 .text.app_usbd_hfclk_ready
                0x00000000000013b8       0x34 Output/Debug/Obj/nRF52840_DK_BaseCode/app_usbd.o
 .text.app_usbd_sustate_with_requested_hfclk
                0x00000000000013ec       0x68 Output/Debug/Obj/nRF52840_DK_BaseCode/app_usbd.o
 .text.app_usbd_sustate_with_running_hfclk
                0x0000000000001454       0x68 Output/Debug/Obj/nRF52840_DK_BaseCode/app_usbd.o
 .text.sustate_get
                0x00000000000014bc        0xc Output/Debug/Obj/nRF52840_DK_BaseCode/app_usbd.o
 .text.sustate_set
                0x00000000000014c8       0x94 Output/Debug/Obj/nRF52840_DK_BaseCode/app_usbd.o
 .text.default_iface_select
                0x000000000000155c       0x98 Output/Debug/Obj/nRF52840_DK_BaseCode/app_usbd.o
 .text.default_iface_deselect
                0x00000000000015f4       0x88 Output/Debug/Obj/nRF52840_DK_BaseCode/app_usbd.o
 .text.app_usbd_init
                0x000000000000167c      0x15c Output/Debug/Obj/nRF52840_DK_BaseCode/app_usbd.o
                0x000000000000167c                app_usbd_init
 .text.app_usbd_power_events_enable
                0x00000000000017d8       0x54 Output/Debug/Obj/nRF52840_DK_BaseCode/app_usbd.o
                0x00000000000017d8                app_usbd_power_events_enable
 .text.app_usbd_enable
                0x000000000000182c        0xa Output/Debug/Obj/nRF52840_DK_BaseCode/app_usbd.o
                0x000000000000182c                app_usbd_enable
 *fill*         0x0000000000001836        0x2 
 .text.app_usbd_disable
                0x0000000000001838       0x28 Output/Debug/Obj/nRF52840_DK_BaseCode/app_usbd.o
                0x0000000000001838                app_usbd_disable
 .text.app_usbd_start
                0x0000000000001860       0x4c Output/Debug/Obj/nRF52840_DK_BaseCode/app_usbd.o
                0x0000000000001860                app_usbd_start
 .text.app_usbd_stop
                0x00000000000018ac       0x1a Output/Debug/Obj/nRF52840_DK_BaseCode/app_usbd.o
                0x00000000000018ac                app_usbd_stop
 *fill*         0x00000000000018c6        0x2 
 .text.app_usbd_event_execute
                0x00000000000018c8      0x534 Output/Debug/Obj/nRF52840_DK_BaseCode/app_usbd.o
                0x00000000000018c8                app_usbd_event_execute
 .text.app_usbd_event_queue_process
                0x0000000000001dfc       0xf4 Output/Debug/Obj/nRF52840_DK_BaseCode/app_usbd.o
                0x0000000000001dfc                app_usbd_event_queue_process
 .text.app_usbd_class_append
                0x0000000000001ef0      0x180 Output/Debug/Obj/nRF52840_DK_BaseCode/app_usbd.o
                0x0000000000001ef0                app_usbd_class_append
 .text.app_usbd_class_rwu_enabled_check
                0x0000000000002070       0x18 Output/Debug/Obj/nRF52840_DK_BaseCode/app_usbd.o
                0x0000000000002070                app_usbd_class_rwu_enabled_check
 .text.app_usbd_ep_enable
                0x0000000000002088       0x3c Output/Debug/Obj/nRF52840_DK_BaseCode/app_usbd.o
                0x0000000000002088                app_usbd_ep_enable
 .text.app_usbd_ep_disable
                0x00000000000020c4       0x1c Output/Debug/Obj/nRF52840_DK_BaseCode/app_usbd.o
                0x00000000000020c4                app_usbd_ep_disable
 .text.app_usbd_class_first_get
                0x00000000000020e0        0xc Output/Debug/Obj/nRF52840_DK_BaseCode/app_usbd.o
                0x00000000000020e0                app_usbd_class_first_get
 .text.app_usbd_class_sof_first_get
                0x00000000000020ec        0xc Output/Debug/Obj/nRF52840_DK_BaseCode/app_usbd.o
                0x00000000000020ec                app_usbd_class_sof_first_get
 .text.app_usbd_class_sof_interrupt_first_get
                0x00000000000020f8        0xc Output/Debug/Obj/nRF52840_DK_BaseCode/app_usbd.o
                0x00000000000020f8                app_usbd_class_sof_interrupt_first_get
 .text.app_usbd_iface_find
                0x0000000000002104       0x88 Output/Debug/Obj/nRF52840_DK_BaseCode/app_usbd.o
                0x0000000000002104                app_usbd_iface_find
 .text.app_usbd_iface_call
                0x000000000000218c       0x20 Output/Debug/Obj/nRF52840_DK_BaseCode/app_usbd.o
                0x000000000000218c                app_usbd_iface_call
 .text.app_usbd_ep_call
                0x00000000000021ac       0x60 Output/Debug/Obj/nRF52840_DK_BaseCode/app_usbd.o
                0x00000000000021ac                app_usbd_ep_call
 .text.app_usbd_all_call
                0x000000000000220c       0x2e Output/Debug/Obj/nRF52840_DK_BaseCode/app_usbd.o
                0x000000000000220c                app_usbd_all_call
 .text.app_usbd_all_until_served_call
                0x000000000000223a       0x3e Output/Debug/Obj/nRF52840_DK_BaseCode/app_usbd.o
                0x000000000000223a                app_usbd_all_until_served_call
 .text.app_usbd_ep_transfer
                0x0000000000002278       0x4c Output/Debug/Obj/nRF52840_DK_BaseCode/app_usbd.o
                0x0000000000002278                app_usbd_ep_transfer
 .text.app_usbd_ep_handled_transfer
                0x00000000000022c4       0x4c Output/Debug/Obj/nRF52840_DK_BaseCode/app_usbd.o
                0x00000000000022c4                app_usbd_ep_handled_transfer
 .text.app_usbd_iface_select
                0x0000000000002310       0x56 Output/Debug/Obj/nRF52840_DK_BaseCode/app_usbd.o
                0x0000000000002310                app_usbd_iface_select
 .text.app_usbd_iface_deselect
                0x0000000000002366       0x3a Output/Debug/Obj/nRF52840_DK_BaseCode/app_usbd.o
                0x0000000000002366                app_usbd_iface_deselect
 .text.app_usbd_iface_selection_get
                0x00000000000023a0       0x3e Output/Debug/Obj/nRF52840_DK_BaseCode/app_usbd.o
                0x00000000000023a0                app_usbd_iface_selection_get
 *fill*         0x00000000000023de        0x2 
 .text.app_usbd_all_iface_select_0
                0x00000000000023e0       0x74 Output/Debug/Obj/nRF52840_DK_BaseCode/app_usbd.o
                0x00000000000023e0                app_usbd_all_iface_select_0
 .text.app_usbd_all_iface_deselect
                0x0000000000002454       0x5a Output/Debug/Obj/nRF52840_DK_BaseCode/app_usbd.o
                0x0000000000002454                app_usbd_all_iface_deselect
 .text.nrf_usbd_getRegPtr
                0x00000000000024ae       0x14 Output/Debug/Obj/nRF52840_DK_BaseCode/app_usbd_core.o
 .text.nrf_usbd_task_trigger
                0x00000000000024c2       0x2e Output/Debug/Obj/nRF52840_DK_BaseCode/app_usbd_core.o
 .text.nrfx_usbd_errata_type_52840
                0x00000000000024f0       0x18 Output/Debug/Obj/nRF52840_DK_BaseCode/app_usbd_core.o
 .text.nrfx_usbd_errata_type_52840_eng_b_or_later
                0x0000000000002508       0x28 Output/Debug/Obj/nRF52840_DK_BaseCode/app_usbd_core.o
 .text.nrfx_usbd_errata_154
                0x0000000000002530       0x2c Output/Debug/Obj/nRF52840_DK_BaseCode/app_usbd_core.o
 .text.app_usbd_setup_req_rec
                0x000000000000255c       0x18 Output/Debug/Obj/nRF52840_DK_BaseCode/app_usbd_core.o
 .text.app_usbd_setup_req_typ
                0x0000000000002574       0x1a Output/Debug/Obj/nRF52840_DK_BaseCode/app_usbd_core.o
 .text.app_usbd_setup_req_dir
                0x000000000000258e       0x16 Output/Debug/Obj/nRF52840_DK_BaseCode/app_usbd_core.o
 .text.app_usbd_class_iface_count_get
                0x00000000000025a4        0xe Output/Debug/Obj/nRF52840_DK_BaseCode/app_usbd_core.o
 .text.app_usbd_class_data_access
                0x00000000000025b2        0xe Output/Debug/Obj/nRF52840_DK_BaseCode/app_usbd_core.o
 .text.app_usbd_class_next_get
                0x00000000000025c0       0x2c Output/Debug/Obj/nRF52840_DK_BaseCode/app_usbd_core.o
 .text.app_usbd_string_desc_length
                0x00000000000025ec        0xe Output/Debug/Obj/nRF52840_DK_BaseCode/app_usbd_core.o
 *fill*         0x00000000000025fa        0x2 
 .text.usbd_core_state_set
                0x00000000000025fc       0x50 Output/Debug/Obj/nRF52840_DK_BaseCode/app_usbd_core.o
 .text.usbd_core_state_get
                0x000000000000264c        0xc Output/Debug/Obj/nRF52840_DK_BaseCode/app_usbd_core.o
 .text.usbd_core_power_is_detected
                0x0000000000002658       0x1a Output/Debug/Obj/nRF52840_DK_BaseCode/app_usbd_core.o
 *fill*         0x0000000000002672        0x2 
 .text.usbd_core_ep0_handler_clear
                0x0000000000002674       0x10 Output/Debug/Obj/nRF52840_DK_BaseCode/app_usbd_core.o
 .text.usbd_core_ep0_handler_call_and_clear
                0x0000000000002684       0x3c Output/Debug/Obj/nRF52840_DK_BaseCode/app_usbd_core.o
 .text.usb_core_ep0_handler_check
                0x00000000000026c0       0x18 Output/Debug/Obj/nRF52840_DK_BaseCode/app_usbd_core.o
 .text.setup_data_handler_empty
                0x00000000000026d8       0x12 Output/Debug/Obj/nRF52840_DK_BaseCode/app_usbd_core.o
 *fill*         0x00000000000026ea        0x2 
 .text.usbd_descriptor_conf_feeder
                0x00000000000026ec      0x1ac Output/Debug/Obj/nRF52840_DK_BaseCode/app_usbd_core.o
 .text.setup_endpoint_req_std
                0x0000000000002898      0x122 Output/Debug/Obj/nRF52840_DK_BaseCode/app_usbd_core.o
 .text.setup_interface_req_std_handle
                0x00000000000029ba      0x100 Output/Debug/Obj/nRF52840_DK_BaseCode/app_usbd_core.o
 *fill*         0x0000000000002aba        0x2 
 .text.setup_device_req_get_status
                0x0000000000002abc       0x84 Output/Debug/Obj/nRF52840_DK_BaseCode/app_usbd_core.o
 .text.setup_device_req_get_descriptor
                0x0000000000002b40      0x208 Output/Debug/Obj/nRF52840_DK_BaseCode/app_usbd_core.o
 .text.setup_device_req_get_configuration
                0x0000000000002d48       0x58 Output/Debug/Obj/nRF52840_DK_BaseCode/app_usbd_core.o
 .text.setup_device_req_set_configuration
                0x0000000000002da0       0x5c Output/Debug/Obj/nRF52840_DK_BaseCode/app_usbd_core.o
 .text.setup_device_req_std_handler
                0x0000000000002dfc      0x158 Output/Debug/Obj/nRF52840_DK_BaseCode/app_usbd_core.o
 .text.app_usbd_core_setup_req_handler
                0x0000000000002f54      0x13c Output/Debug/Obj/nRF52840_DK_BaseCode/app_usbd_core.o
 .text.app_usbd_core_event_handler
                0x0000000000003090      0x1c4 Output/Debug/Obj/nRF52840_DK_BaseCode/app_usbd_core.o
 .text.app_usbd_core_ep0_enable
                0x0000000000003254       0x12 Output/Debug/Obj/nRF52840_DK_BaseCode/app_usbd_core.o
                0x0000000000003254                app_usbd_core_ep0_enable
 .text.app_usbd_core_ep0_disable
                0x0000000000003266       0x12 Output/Debug/Obj/nRF52840_DK_BaseCode/app_usbd_core.o
                0x0000000000003266                app_usbd_core_ep0_disable
 .text.app_usbd_core_setup_rsp
                0x0000000000003278       0x9c Output/Debug/Obj/nRF52840_DK_BaseCode/app_usbd_core.o
                0x0000000000003278                app_usbd_core_setup_rsp
 .text.app_usbd_core_setup_data_handler_set
                0x0000000000003314       0x3c Output/Debug/Obj/nRF52840_DK_BaseCode/app_usbd_core.o
                0x0000000000003314                app_usbd_core_setup_data_handler_set
 .text.app_usbd_core_setup_transfer_buff_get
                0x0000000000003350       0x1c Output/Debug/Obj/nRF52840_DK_BaseCode/app_usbd_core.o
                0x0000000000003350                app_usbd_core_setup_transfer_buff_get
 .text.string_create
                0x000000000000336c       0x40 Output/Debug/Obj/nRF52840_DK_BaseCode/app_usbd_serial_num.o
 .text.app_usbd_serial_num_generate
                0x00000000000033ac       0x4c Output/Debug/Obj/nRF52840_DK_BaseCode/app_usbd_serial_num.o
                0x00000000000033ac                app_usbd_serial_num_generate
 .text.app_usbd_prepare_string
                0x00000000000033f8       0xc8 Output/Debug/Obj/nRF52840_DK_BaseCode/app_usbd_string_desc.o
 .text.app_usbd_string_desc_get
                0x00000000000034c0       0x8c Output/Debug/Obj/nRF52840_DK_BaseCode/app_usbd_string_desc.o
                0x00000000000034c0                app_usbd_string_desc_get
 .text.app_usbd_setup_req_rec
                0x000000000000354c       0x18 Output/Debug/Obj/nRF52840_DK_BaseCode/app_usbd_cdc_acm.o
 .text.app_usbd_setup_req_typ
                0x0000000000003564       0x1a Output/Debug/Obj/nRF52840_DK_BaseCode/app_usbd_cdc_acm.o
 .text.app_usbd_setup_req_dir
                0x000000000000357e       0x16 Output/Debug/Obj/nRF52840_DK_BaseCode/app_usbd_cdc_acm.o
 .text.app_usbd_class_iface_count_get
                0x0000000000003594        0xe Output/Debug/Obj/nRF52840_DK_BaseCode/app_usbd_cdc_acm.o
 *fill*         0x00000000000035a2        0x2 
 .text.app_usbd_class_iface_get
                0x00000000000035a4       0x54 Output/Debug/Obj/nRF52840_DK_BaseCode/app_usbd_cdc_acm.o
 .text.app_usbd_class_iface_number_get
                0x00000000000035f8        0xe Output/Debug/Obj/nRF52840_DK_BaseCode/app_usbd_cdc_acm.o
 .text.app_usbd_class_iface_ep_count_get
                0x0000000000003606        0xe Output/Debug/Obj/nRF52840_DK_BaseCode/app_usbd_cdc_acm.o
 .text.app_usbd_class_iface_ep_get
                0x0000000000003614       0x4c Output/Debug/Obj/nRF52840_DK_BaseCode/app_usbd_cdc_acm.o
 .text.app_usbd_class_ep_address_get
                0x0000000000003660        0xe Output/Debug/Obj/nRF52840_DK_BaseCode/app_usbd_cdc_acm.o
 .text.app_usbd_cdc_acm_class_inst_get
                0x000000000000366e        0xc Output/Debug/Obj/nRF52840_DK_BaseCode/app_usbd_cdc_acm.o
 *fill*         0x000000000000367a        0x2 
 .text.cdc_acm_get
                0x000000000000367c       0x24 Output/Debug/Obj/nRF52840_DK_BaseCode/app_usbd_cdc_acm.o
 .text.cdc_acm_ctx_get
                0x00000000000036a0       0x38 Output/Debug/Obj/nRF52840_DK_BaseCode/app_usbd_cdc_acm.o
 .text.user_event_handler
                0x00000000000036d8       0x32 Output/Debug/Obj/nRF52840_DK_BaseCode/app_usbd_cdc_acm.o
 .text.comm_ep_in_addr_get
                0x000000000000370a       0x2a Output/Debug/Obj/nRF52840_DK_BaseCode/app_usbd_cdc_acm.o
 .text.data_ep_in_addr_get
                0x0000000000003734       0x2a Output/Debug/Obj/nRF52840_DK_BaseCode/app_usbd_cdc_acm.o
 .text.data_ep_out_addr_get
                0x000000000000375e       0x2a Output/Debug/Obj/nRF52840_DK_BaseCode/app_usbd_cdc_acm.o
 .text.setup_req_std_in
                0x0000000000003788       0x78 Output/Debug/Obj/nRF52840_DK_BaseCode/app_usbd_cdc_acm.o
 .text.setup_req_std_out
                0x0000000000003800       0x10 Output/Debug/Obj/nRF52840_DK_BaseCode/app_usbd_cdc_acm.o
 .text.setup_req_class_in
                0x0000000000003810       0x50 Output/Debug/Obj/nRF52840_DK_BaseCode/app_usbd_cdc_acm.o
 .text.cdc_acm_req_out_data_cb
                0x0000000000003860       0x4e Output/Debug/Obj/nRF52840_DK_BaseCode/app_usbd_cdc_acm.o
 *fill*         0x00000000000038ae        0x2 
 .text.cdc_acm_req_out_datastage
                0x00000000000038b0       0x80 Output/Debug/Obj/nRF52840_DK_BaseCode/app_usbd_cdc_acm.o
 .text.cdc_acm_reset_port
                0x0000000000003930       0x52 Output/Debug/Obj/nRF52840_DK_BaseCode/app_usbd_cdc_acm.o
 .text.setup_req_class_out
                0x0000000000003982      0x12a Output/Debug/Obj/nRF52840_DK_BaseCode/app_usbd_cdc_acm.o
 .text.setup_event_handler
                0x0000000000003aac       0xa4 Output/Debug/Obj/nRF52840_DK_BaseCode/app_usbd_cdc_acm.o
 .text.cdc_acm_consumer
                0x0000000000003b50       0x72 Output/Debug/Obj/nRF52840_DK_BaseCode/app_usbd_cdc_acm.o
 *fill*         0x0000000000003bc2        0x2 
 .text.cdc_acm_rx_block_finished
                0x0000000000003bc4      0x1d8 Output/Debug/Obj/nRF52840_DK_BaseCode/app_usbd_cdc_acm.o
 .text.cdc_acm_endpoint_ev
                0x0000000000003d9c       0x90 Output/Debug/Obj/nRF52840_DK_BaseCode/app_usbd_cdc_acm.o
 .text.cdc_acm_event_handler
                0x0000000000003e2c       0xb8 Output/Debug/Obj/nRF52840_DK_BaseCode/app_usbd_cdc_acm.o
 .text.cdc_acm_feed_descriptors
                0x0000000000003ee4      0xe28 Output/Debug/Obj/nRF52840_DK_BaseCode/app_usbd_cdc_acm.o
 .text.app_usbd_cdc_acm_read
                0x0000000000004d0c      0x130 Output/Debug/Obj/nRF52840_DK_BaseCode/app_usbd_cdc_acm.o
                0x0000000000004d0c                app_usbd_cdc_acm_read
 .text.nrf_atfifo_wspace_req
                0x0000000000004e3c       0x54 Output/Debug/Obj/nRF52840_DK_BaseCode/nrf_atfifo.o
 .text.nrf_atfifo_wspace_close
                0x0000000000004e90       0x20 Output/Debug/Obj/nRF52840_DK_BaseCode/nrf_atfifo.o
 .text.nrf_atfifo_rspace_req
                0x0000000000004eb0       0x56 Output/Debug/Obj/nRF52840_DK_BaseCode/nrf_atfifo.o
 .text.nrf_atfifo_rspace_close
                0x0000000000004f06       0x20 Output/Debug/Obj/nRF52840_DK_BaseCode/nrf_atfifo.o
 .text.nrf_atfifo_init
                0x0000000000004f26       0x66 Output/Debug/Obj/nRF52840_DK_BaseCode/nrf_atfifo.o
                0x0000000000004f26                nrf_atfifo_init
 .text.nrf_atfifo_item_alloc
                0x0000000000004f8c       0x32 Output/Debug/Obj/nRF52840_DK_BaseCode/nrf_atfifo.o
                0x0000000000004f8c                nrf_atfifo_item_alloc
 .text.nrf_atfifo_item_put
                0x0000000000004fbe       0x28 Output/Debug/Obj/nRF52840_DK_BaseCode/nrf_atfifo.o
                0x0000000000004fbe                nrf_atfifo_item_put
 .text.nrf_atfifo_item_get
                0x0000000000004fe6       0x32 Output/Debug/Obj/nRF52840_DK_BaseCode/nrf_atfifo.o
                0x0000000000004fe6                nrf_atfifo_item_get
 .text.nrf_atfifo_item_free
                0x0000000000005018       0x28 Output/Debug/Obj/nRF52840_DK_BaseCode/nrf_atfifo.o
                0x0000000000005018                nrf_atfifo_item_free
 .text.nrfx_atomic_u32_fetch_and
                0x0000000000005040       0x30 Output/Debug/Obj/nRF52840_DK_BaseCode/nrfx_atomic.o
                0x0000000000005040                nrfx_atomic_u32_fetch_and
 .text.nrf_systick_val_get
                0x0000000000005070        0xc Output/Debug/Obj/nRF52840_DK_BaseCode/nrfx_systick.o
 .text.nrfx_systick_us_tick
                0x000000000000507c       0x24 Output/Debug/Obj/nRF52840_DK_BaseCode/nrfx_systick.o
 .text.nrfx_systick_delay_ticks
                0x00000000000050a0       0x40 Output/Debug/Obj/nRF52840_DK_BaseCode/nrfx_systick.o
                0x00000000000050a0                nrfx_systick_delay_ticks
 .text.nrfx_systick_delay_us
                0x00000000000050e0       0x4c Output/Debug/Obj/nRF52840_DK_BaseCode/nrfx_systick.o
                0x00000000000050e0                nrfx_systick_delay_us
 .text.uarte_evt_handler
                0x000000000000512c       0x50 Output/Debug/Obj/nRF52840_DK_BaseCode/nrf_drv_uart.o
 .text.uart_evt_handler
                0x000000000000517c       0x50 Output/Debug/Obj/nRF52840_DK_BaseCode/nrf_drv_uart.o
 .text.nrf_drv_uart_init
                0x00000000000051cc       0xdc Output/Debug/Obj/nRF52840_DK_BaseCode/nrf_drv_uart.o
                0x00000000000051cc                nrf_drv_uart_init
 .text.NVIC_EnableIRQ
                0x00000000000052a8       0x2c Output/Debug/Obj/nRF52840_DK_BaseCode/nrfx_uarte.o
 .text.NVIC_SetPriority
                0x00000000000052d4       0x50 Output/Debug/Obj/nRF52840_DK_BaseCode/nrfx_uarte.o
 .text.nrfx_is_in_ram
                0x0000000000005324       0x1c Output/Debug/Obj/nRF52840_DK_BaseCode/nrfx_uarte.o
 .text.nrfx_get_irq_number
                0x0000000000005340       0x10 Output/Debug/Obj/nRF52840_DK_BaseCode/nrfx_uarte.o
 .text._NRFX_IRQ_PRIORITY_SET
                0x0000000000005350       0x40 Output/Debug/Obj/nRF52840_DK_BaseCode/nrfx_uarte.o
 .text._NRFX_IRQ_ENABLE
                0x0000000000005390       0x1c Output/Debug/Obj/nRF52840_DK_BaseCode/nrfx_uarte.o
 .text.nrf_uarte_event_clear
                0x00000000000053ac       0x2a Output/Debug/Obj/nRF52840_DK_BaseCode/nrfx_uarte.o
 .text.nrf_uarte_event_check
                0x00000000000053d6       0x24 Output/Debug/Obj/nRF52840_DK_BaseCode/nrfx_uarte.o
 .text.nrf_uarte_shorts_enable
                0x00000000000053fa       0x1c Output/Debug/Obj/nRF52840_DK_BaseCode/nrfx_uarte.o
 .text.nrf_uarte_shorts_disable
                0x0000000000005416       0x1e Output/Debug/Obj/nRF52840_DK_BaseCode/nrfx_uarte.o
 .text.nrf_uarte_int_enable
                0x0000000000005434       0x14 Output/Debug/Obj/nRF52840_DK_BaseCode/nrfx_uarte.o
 .text.nrf_uarte_int_disable
                0x0000000000005448       0x14 Output/Debug/Obj/nRF52840_DK_BaseCode/nrfx_uarte.o
 .text.nrf_uarte_errorsrc_get_and_clear
                0x000000000000545c       0x1c Output/Debug/Obj/nRF52840_DK_BaseCode/nrfx_uarte.o
 .text.nrf_uarte_enable
                0x0000000000005478       0x12 Output/Debug/Obj/nRF52840_DK_BaseCode/nrfx_uarte.o
 .text.nrf_uarte_txrx_pins_set
                0x000000000000548a       0x1e Output/Debug/Obj/nRF52840_DK_BaseCode/nrfx_uarte.o
 .text.nrf_uarte_hwfc_pins_set
                0x00000000000054a8       0x1e Output/Debug/Obj/nRF52840_DK_BaseCode/nrfx_uarte.o
 .text.nrf_uarte_task_trigger
                0x00000000000054c6       0x1c Output/Debug/Obj/nRF52840_DK_BaseCode/nrfx_uarte.o
 .text.nrf_uarte_configure
                0x00000000000054e2       0x2a Output/Debug/Obj/nRF52840_DK_BaseCode/nrfx_uarte.o
 .text.nrf_uarte_baudrate_set
                0x000000000000550c       0x14 Output/Debug/Obj/nRF52840_DK_BaseCode/nrfx_uarte.o
 .text.nrf_uarte_tx_buffer_set
                0x0000000000005520       0x1e Output/Debug/Obj/nRF52840_DK_BaseCode/nrfx_uarte.o
 .text.nrf_uarte_tx_amount_get
                0x000000000000553e       0x10 Output/Debug/Obj/nRF52840_DK_BaseCode/nrfx_uarte.o
 .text.nrf_uarte_rx_buffer_set
                0x000000000000554e       0x1e Output/Debug/Obj/nRF52840_DK_BaseCode/nrfx_uarte.o
 .text.nrf_uarte_rx_amount_get
                0x000000000000556c       0x10 Output/Debug/Obj/nRF52840_DK_BaseCode/nrfx_uarte.o
 .text.nrf_gpio_pin_port_decode
                0x000000000000557c       0x44 Output/Debug/Obj/nRF52840_DK_BaseCode/nrfx_uarte.o
 .text.nrf_gpio_cfg
                0x00000000000055c0       0x62 Output/Debug/Obj/nRF52840_DK_BaseCode/nrfx_uarte.o
 .text.nrf_gpio_cfg_output
                0x0000000000005622       0x22 Output/Debug/Obj/nRF52840_DK_BaseCode/nrfx_uarte.o
 .text.nrf_gpio_cfg_input
                0x0000000000005644       0x2a Output/Debug/Obj/nRF52840_DK_BaseCode/nrfx_uarte.o
 .text.nrf_gpio_pin_set
                0x000000000000566e       0x28 Output/Debug/Obj/nRF52840_DK_BaseCode/nrfx_uarte.o
 .text.nrf_gpio_port_out_set
                0x0000000000005696       0x14 Output/Debug/Obj/nRF52840_DK_BaseCode/nrfx_uarte.o
 .text.apply_config
                0x00000000000056aa       0xc6 Output/Debug/Obj/nRF52840_DK_BaseCode/nrfx_uarte.o
 .text.interrupts_enable
                0x0000000000005770       0x98 Output/Debug/Obj/nRF52840_DK_BaseCode/nrfx_uarte.o
 .text.nrfx_uarte_init
                0x0000000000005808       0xcc Output/Debug/Obj/nRF52840_DK_BaseCode/nrfx_uarte.o
                0x0000000000005808                nrfx_uarte_init
 .text.nrfx_uarte_tx
                0x00000000000058d4      0x190 Output/Debug/Obj/nRF52840_DK_BaseCode/nrfx_uarte.o
                0x00000000000058d4                nrfx_uarte_tx
 .text.nrfx_uarte_tx_in_progress
                0x0000000000005a64       0x30 Output/Debug/Obj/nRF52840_DK_BaseCode/nrfx_uarte.o
                0x0000000000005a64                nrfx_uarte_tx_in_progress
 .text.nrfx_uarte_rx
                0x0000000000005a94      0x24c Output/Debug/Obj/nRF52840_DK_BaseCode/nrfx_uarte.o
                0x0000000000005a94                nrfx_uarte_rx
 .text.rx_done_event
                0x0000000000005ce0       0x2e Output/Debug/Obj/nRF52840_DK_BaseCode/nrfx_uarte.o
 .text.tx_done_event
                0x0000000000005d0e       0x34 Output/Debug/Obj/nRF52840_DK_BaseCode/nrfx_uarte.o
 .text.uarte_irq_handler
                0x0000000000005d42      0x18c Output/Debug/Obj/nRF52840_DK_BaseCode/nrfx_uarte.o
 *fill*         0x0000000000005ece        0x2 
 .text.nrfx_uarte_0_irq_handler
                0x0000000000005ed0       0x18 Output/Debug/Obj/nRF52840_DK_BaseCode/nrfx_uarte.o
                0x0000000000005ed0                nrfx_uarte_0_irq_handler
 .text.UARTE1_IRQHandler
                0x0000000000005ee8       0x18 Output/Debug/Obj/nRF52840_DK_BaseCode/nrfx_uarte.o
                0x0000000000005ee8                UARTE1_IRQHandler
 .text.NVIC_EnableIRQ
                0x0000000000005f00       0x2c Output/Debug/Obj/nRF52840_DK_BaseCode/nrfx_uart.o
 .text.NVIC_SetPriority
                0x0000000000005f2c       0x50 Output/Debug/Obj/nRF52840_DK_BaseCode/nrfx_uart.o
 .text.nrfx_get_irq_number
                0x0000000000005f7c       0x10 Output/Debug/Obj/nRF52840_DK_BaseCode/nrfx_uart.o
 .text._NRFX_IRQ_PRIORITY_SET
                0x0000000000005f8c       0x40 Output/Debug/Obj/nRF52840_DK_BaseCode/nrfx_uart.o
 .text._NRFX_IRQ_ENABLE
                0x0000000000005fcc       0x1c Output/Debug/Obj/nRF52840_DK_BaseCode/nrfx_uart.o
 .text.nrf_uart_event_clear
                0x0000000000005fe8       0x2a Output/Debug/Obj/nRF52840_DK_BaseCode/nrfx_uart.o
 .text.nrf_uart_event_check
                0x0000000000006012       0x24 Output/Debug/Obj/nRF52840_DK_BaseCode/nrfx_uart.o
 .text.nrf_uart_int_enable
                0x0000000000006036       0x14 Output/Debug/Obj/nRF52840_DK_BaseCode/nrfx_uart.o
 .text.nrf_uart_int_enable_check
                0x000000000000604a       0x20 Output/Debug/Obj/nRF52840_DK_BaseCode/nrfx_uart.o
 .text.nrf_uart_int_disable
                0x000000000000606a       0x14 Output/Debug/Obj/nRF52840_DK_BaseCode/nrfx_uart.o
 .text.nrf_uart_errorsrc_get_and_clear
                0x000000000000607e       0x1c Output/Debug/Obj/nRF52840_DK_BaseCode/nrfx_uart.o
 .text.nrf_uart_enable
                0x000000000000609a       0x12 Output/Debug/Obj/nRF52840_DK_BaseCode/nrfx_uart.o
 .text.nrf_uart_txrx_pins_set
                0x00000000000060ac       0x1e Output/Debug/Obj/nRF52840_DK_BaseCode/nrfx_uart.o
 .text.nrf_uart_hwfc_pins_set
                0x00000000000060ca       0x1e Output/Debug/Obj/nRF52840_DK_BaseCode/nrfx_uart.o
 .text.nrf_uart_rxd_get
                0x00000000000060e8       0x12 Output/Debug/Obj/nRF52840_DK_BaseCode/nrfx_uart.o
 .text.nrf_uart_txd_set
                0x00000000000060fa       0x1a Output/Debug/Obj/nRF52840_DK_BaseCode/nrfx_uart.o
 .text.nrf_uart_task_trigger
                0x0000000000006114       0x1c Output/Debug/Obj/nRF52840_DK_BaseCode/nrfx_uart.o
 .text.nrf_uart_configure
                0x0000000000006130       0x2a Output/Debug/Obj/nRF52840_DK_BaseCode/nrfx_uart.o
 .text.nrf_uart_baudrate_set
                0x000000000000615a       0x14 Output/Debug/Obj/nRF52840_DK_BaseCode/nrfx_uart.o
 *fill*         0x000000000000616e        0x2 
 .text.nrf_gpio_pin_port_decode
                0x0000000000006170       0x44 Output/Debug/Obj/nRF52840_DK_BaseCode/nrfx_uart.o
 .text.nrf_gpio_cfg
                0x00000000000061b4       0x62 Output/Debug/Obj/nRF52840_DK_BaseCode/nrfx_uart.o
 .text.nrf_gpio_cfg_output
                0x0000000000006216       0x22 Output/Debug/Obj/nRF52840_DK_BaseCode/nrfx_uart.o
 .text.nrf_gpio_cfg_input
                0x0000000000006238       0x2a Output/Debug/Obj/nRF52840_DK_BaseCode/nrfx_uart.o
 .text.nrf_gpio_pin_set
                0x0000000000006262       0x28 Output/Debug/Obj/nRF52840_DK_BaseCode/nrfx_uart.o
 .text.nrf_gpio_port_out_set
                0x000000000000628a       0x14 Output/Debug/Obj/nRF52840_DK_BaseCode/nrfx_uart.o
 .text.apply_config
                0x000000000000629e       0xc6 Output/Debug/Obj/nRF52840_DK_BaseCode/nrfx_uart.o
 .text.interrupts_enable
                0x0000000000006364       0x6c Output/Debug/Obj/nRF52840_DK_BaseCode/nrfx_uart.o
 .text.nrfx_uart_init
                0x00000000000063d0       0xd4 Output/Debug/Obj/nRF52840_DK_BaseCode/nrfx_uart.o
                0x00000000000063d0                nrfx_uart_init
 .text.tx_byte  0x00000000000064a4       0x40 Output/Debug/Obj/nRF52840_DK_BaseCode/nrfx_uart.o
 .text.tx_blocking
                0x00000000000064e4       0x52 Output/Debug/Obj/nRF52840_DK_BaseCode/nrfx_uart.o
 *fill*         0x0000000000006536        0x2 
 .text.nrfx_uart_tx
                0x0000000000006538      0x110 Output/Debug/Obj/nRF52840_DK_BaseCode/nrfx_uart.o
                0x0000000000006538                nrfx_uart_tx
 .text.nrfx_uart_tx_in_progress
                0x0000000000006648       0x2c Output/Debug/Obj/nRF52840_DK_BaseCode/nrfx_uart.o
                0x0000000000006648                nrfx_uart_tx_in_progress
 .text.rx_enable
                0x0000000000006674       0x36 Output/Debug/Obj/nRF52840_DK_BaseCode/nrfx_uart.o
 .text.rx_byte  0x00000000000066aa       0x4e Output/Debug/Obj/nRF52840_DK_BaseCode/nrfx_uart.o
 .text.nrfx_uart_rx
                0x00000000000066f8      0x21c Output/Debug/Obj/nRF52840_DK_BaseCode/nrfx_uart.o
                0x00000000000066f8                nrfx_uart_rx
 .text.rx_done_event
                0x0000000000006914       0x2e Output/Debug/Obj/nRF52840_DK_BaseCode/nrfx_uart.o
 .text.tx_done_event
                0x0000000000006942       0x34 Output/Debug/Obj/nRF52840_DK_BaseCode/nrfx_uart.o
 .text.uart_irq_handler
                0x0000000000006976      0x1de Output/Debug/Obj/nRF52840_DK_BaseCode/nrfx_uart.o
 .text.nrfx_uart_0_irq_handler
                0x0000000000006b54       0x18 Output/Debug/Obj/nRF52840_DK_BaseCode/nrfx_uart.o
                0x0000000000006b54                nrfx_uart_0_irq_handler
 .text.UARTE0_UART0_IRQHandler
                0x0000000000006b6c       0x24 Output/Debug/Obj/nRF52840_DK_BaseCode/nrfx_prs.o
                0x0000000000006b6c                UARTE0_UART0_IRQHandler
 .text.prs_box_get
                0x0000000000006b90       0x20 Output/Debug/Obj/nRF52840_DK_BaseCode/nrfx_prs.o
 .text.nrfx_prs_acquire
                0x0000000000006bb0       0x74 Output/Debug/Obj/nRF52840_DK_BaseCode/nrfx_prs.o
                0x0000000000006bb0                nrfx_prs_acquire
 .text.NVIC_EnableIRQ
                0x0000000000006c24       0x2c Output/Debug/Obj/nRF52840_DK_BaseCode/nrfx_saadc.o
 .text.NVIC_SetPriority
                0x0000000000006c50       0x50 Output/Debug/Obj/nRF52840_DK_BaseCode/nrfx_saadc.o
 .text._NRFX_IRQ_PRIORITY_SET
                0x0000000000006ca0       0x40 Output/Debug/Obj/nRF52840_DK_BaseCode/nrfx_saadc.o
 .text._NRFX_IRQ_ENABLE
                0x0000000000006ce0       0x1c Output/Debug/Obj/nRF52840_DK_BaseCode/nrfx_saadc.o
 .text.nrf_saadc_task_trigger
                0x0000000000006cfc       0x1e Output/Debug/Obj/nRF52840_DK_BaseCode/nrfx_saadc.o
 .text.nrf_saadc_task_address_get
                0x0000000000006d1a       0x1a Output/Debug/Obj/nRF52840_DK_BaseCode/nrfx_saadc.o
 .text.nrf_saadc_event_check
                0x0000000000006d34       0x26 Output/Debug/Obj/nRF52840_DK_BaseCode/nrfx_saadc.o
 .text.nrf_saadc_event_clear
                0x0000000000006d5a       0x30 Output/Debug/Obj/nRF52840_DK_BaseCode/nrfx_saadc.o
 *fill*         0x0000000000006d8a        0x2 
 .text.nrf_saadc_channel_input_set
                0x0000000000006d8c       0x44 Output/Debug/Obj/nRF52840_DK_BaseCode/nrfx_saadc.o
 .text.nrf_saadc_int_enable
                0x0000000000006dd0       0x18 Output/Debug/Obj/nRF52840_DK_BaseCode/nrfx_saadc.o
 .text.nrf_saadc_int_disable
                0x0000000000006de8       0x18 Output/Debug/Obj/nRF52840_DK_BaseCode/nrfx_saadc.o
 .text.nrf_saadc_enable
                0x0000000000006e00       0x10 Output/Debug/Obj/nRF52840_DK_BaseCode/nrfx_saadc.o
 .text.nrf_saadc_buffer_init
                0x0000000000006e10       0x20 Output/Debug/Obj/nRF52840_DK_BaseCode/nrfx_saadc.o
 .text.nrf_saadc_resolution_set
                0x0000000000006e30       0x1c Output/Debug/Obj/nRF52840_DK_BaseCode/nrfx_saadc.o
 .text.nrf_saadc_oversample_set
                0x0000000000006e4c       0x1c Output/Debug/Obj/nRF52840_DK_BaseCode/nrfx_saadc.o
 .text.nrf_saadc_oversample_get
                0x0000000000006e68       0x10 Output/Debug/Obj/nRF52840_DK_BaseCode/nrfx_saadc.o
 .text.nrf_saadc_channel_init
                0x0000000000006e78       0x8c Output/Debug/Obj/nRF52840_DK_BaseCode/nrfx_saadc.o
 .text.SAADC_IRQHandler
                0x0000000000006f04      0x250 Output/Debug/Obj/nRF52840_DK_BaseCode/nrfx_saadc.o
                0x0000000000006f04                SAADC_IRQHandler
 .text.nrfx_saadc_init
                0x0000000000007154       0xe0 Output/Debug/Obj/nRF52840_DK_BaseCode/nrfx_saadc.o
                0x0000000000007154                nrfx_saadc_init
 .text.nrfx_saadc_channel_init
                0x0000000000007234       0xfc Output/Debug/Obj/nRF52840_DK_BaseCode/nrfx_saadc.o
                0x0000000000007234                nrfx_saadc_channel_init
 .text.nrfx_saadc_sample_task_get
                0x0000000000007330       0x24 Output/Debug/Obj/nRF52840_DK_BaseCode/nrfx_saadc.o
                0x0000000000007330                nrfx_saadc_sample_task_get
 .text.nrfx_saadc_buffer_convert
                0x0000000000007354      0x148 Output/Debug/Obj/nRF52840_DK_BaseCode/nrfx_saadc.o
                0x0000000000007354                nrfx_saadc_buffer_convert
 .text.NVIC_EnableIRQ
                0x000000000000749c       0x2c Output/Debug/Obj/nRF52840_DK_BaseCode/nrfx_timer.o
 .text.NVIC_SetPriority
                0x00000000000074c8       0x50 Output/Debug/Obj/nRF52840_DK_BaseCode/nrfx_timer.o
 .text.nrfx_get_irq_number
                0x0000000000007518       0x10 Output/Debug/Obj/nRF52840_DK_BaseCode/nrfx_timer.o
 .text._NRFX_IRQ_PRIORITY_SET
                0x0000000000007528       0x40 Output/Debug/Obj/nRF52840_DK_BaseCode/nrfx_timer.o
 .text._NRFX_IRQ_ENABLE
                0x0000000000007568       0x1c Output/Debug/Obj/nRF52840_DK_BaseCode/nrfx_timer.o
 .text.nrf_timer_task_trigger
                0x0000000000007584       0x1c Output/Debug/Obj/nRF52840_DK_BaseCode/nrfx_timer.o
 .text.nrf_timer_event_clear
                0x00000000000075a0       0x2a Output/Debug/Obj/nRF52840_DK_BaseCode/nrfx_timer.o
 .text.nrf_timer_event_check
                0x00000000000075ca       0x24 Output/Debug/Obj/nRF52840_DK_BaseCode/nrfx_timer.o
 .text.nrf_timer_shorts_enable
                0x00000000000075ee       0x1c Output/Debug/Obj/nRF52840_DK_BaseCode/nrfx_timer.o
 .text.nrf_timer_shorts_disable
                0x000000000000760a       0x1e Output/Debug/Obj/nRF52840_DK_BaseCode/nrfx_timer.o
 .text.nrf_timer_int_enable
                0x0000000000007628       0x14 Output/Debug/Obj/nRF52840_DK_BaseCode/nrfx_timer.o
 .text.nrf_timer_int_disable
                0x000000000000763c       0x14 Output/Debug/Obj/nRF52840_DK_BaseCode/nrfx_timer.o
 .text.nrf_timer_int_enable_check
                0x0000000000007650       0x20 Output/Debug/Obj/nRF52840_DK_BaseCode/nrfx_timer.o
 .text.nrf_timer_mode_set
                0x0000000000007670       0x2a Output/Debug/Obj/nRF52840_DK_BaseCode/nrfx_timer.o
 .text.nrf_timer_bit_width_set
                0x000000000000769a       0x2a Output/Debug/Obj/nRF52840_DK_BaseCode/nrfx_timer.o
 .text.nrf_timer_frequency_set
                0x00000000000076c4       0x2a Output/Debug/Obj/nRF52840_DK_BaseCode/nrfx_timer.o
 .text.nrf_timer_cc_write
                0x00000000000076ee       0x22 Output/Debug/Obj/nRF52840_DK_BaseCode/nrfx_timer.o
 .text.nrf_timer_compare_event_get
                0x0000000000007710       0x14 Output/Debug/Obj/nRF52840_DK_BaseCode/nrfx_timer.o
 .text.nrf_timer_compare_int_get
                0x0000000000007724       0x14 Output/Debug/Obj/nRF52840_DK_BaseCode/nrfx_timer.o
 .text.nrfx_timer_init
                0x0000000000007738      0x1f8 Output/Debug/Obj/nRF52840_DK_BaseCode/nrfx_timer.o
                0x0000000000007738                nrfx_timer_init
 .text.nrfx_timer_enable
                0x0000000000007930       0x5c Output/Debug/Obj/nRF52840_DK_BaseCode/nrfx_timer.o
                0x0000000000007930                nrfx_timer_enable
 .text.nrfx_timer_compare
                0x000000000000798c       0x72 Output/Debug/Obj/nRF52840_DK_BaseCode/nrfx_timer.o
                0x000000000000798c                nrfx_timer_compare
 .text.nrfx_timer_extended_compare
                0x00000000000079fe       0x5e Output/Debug/Obj/nRF52840_DK_BaseCode/nrfx_timer.o
                0x00000000000079fe                nrfx_timer_extended_compare
 .text.irq_handler
                0x0000000000007a5c       0x8e Output/Debug/Obj/nRF52840_DK_BaseCode/nrfx_timer.o
 *fill*         0x0000000000007aea        0x2 
 .text.TIMER1_IRQHandler
                0x0000000000007aec       0x18 Output/Debug/Obj/nRF52840_DK_BaseCode/nrfx_timer.o
                0x0000000000007aec                TIMER1_IRQHandler
 .text.nrf_ppi_channel_enable
                0x0000000000007b04       0x24 Output/Debug/Obj/nRF52840_DK_BaseCode/nrfx_ppi.o
 .text.nrf_ppi_channel_endpoint_setup
                0x0000000000007b28       0x34 Output/Debug/Obj/nRF52840_DK_BaseCode/nrfx_ppi.o
 .text.nrfx_ppi_channel_to_mask
                0x0000000000007b5c       0x18 Output/Debug/Obj/nRF52840_DK_BaseCode/nrfx_ppi.o
 .text.is_programmable_app_channel
                0x0000000000007b74       0x2c Output/Debug/Obj/nRF52840_DK_BaseCode/nrfx_ppi.o
 .text.are_app_channels
                0x0000000000007ba0        0xc Output/Debug/Obj/nRF52840_DK_BaseCode/nrfx_ppi.o
 .text.is_app_channel
                0x0000000000007bac       0x26 Output/Debug/Obj/nRF52840_DK_BaseCode/nrfx_ppi.o
 *fill*         0x0000000000007bd2        0x2 
 .text.is_allocated_channel
                0x0000000000007bd4       0x34 Output/Debug/Obj/nRF52840_DK_BaseCode/nrfx_ppi.o
 .text.channel_allocated_set
                0x0000000000007c08       0x2c Output/Debug/Obj/nRF52840_DK_BaseCode/nrfx_ppi.o
 .text.nrfx_ppi_channel_alloc
                0x0000000000007c34       0xa8 Output/Debug/Obj/nRF52840_DK_BaseCode/nrfx_ppi.o
                0x0000000000007c34                nrfx_ppi_channel_alloc
 .text.nrfx_ppi_channel_assign
                0x0000000000007cdc       0x72 Output/Debug/Obj/nRF52840_DK_BaseCode/nrfx_ppi.o
                0x0000000000007cdc                nrfx_ppi_channel_assign
 .text.nrfx_ppi_channel_enable
                0x0000000000007d4e       0x6a Output/Debug/Obj/nRF52840_DK_BaseCode/nrfx_ppi.o
                0x0000000000007d4e                nrfx_ppi_channel_enable
 .text.nrf_drv_ppi_init
                0x0000000000007db8       0x1c Output/Debug/Obj/nRF52840_DK_BaseCode/nrf_drv_ppi.o
                0x0000000000007db8                nrf_drv_ppi_init
 .text.NVIC_EnableIRQ
                0x0000000000007dd4       0x2c Output/Debug/Obj/nRF52840_DK_BaseCode/nrfx_usbd.o
 .text.NVIC_DisableIRQ
                0x0000000000007e00       0x30 Output/Debug/Obj/nRF52840_DK_BaseCode/nrfx_usbd.o
 .text.NVIC_SetPendingIRQ
                0x0000000000007e30       0x30 Output/Debug/Obj/nRF52840_DK_BaseCode/nrfx_usbd.o
 .text.NVIC_ClearPendingIRQ
                0x0000000000007e60       0x30 Output/Debug/Obj/nRF52840_DK_BaseCode/nrfx_usbd.o
 .text.NVIC_SetPriority
                0x0000000000007e90       0x50 Output/Debug/Obj/nRF52840_DK_BaseCode/nrfx_usbd.o
 .text.nrfx_is_in_ram
                0x0000000000007ee0       0x1c Output/Debug/Obj/nRF52840_DK_BaseCode/nrfx_usbd.o
 .text.nrfx_bitpos_to_event
                0x0000000000007efc       0x18 Output/Debug/Obj/nRF52840_DK_BaseCode/nrfx_usbd.o
 .text._NRFX_IRQ_PRIORITY_SET
                0x0000000000007f14       0x40 Output/Debug/Obj/nRF52840_DK_BaseCode/nrfx_usbd.o
 .text._NRFX_IRQ_ENABLE
                0x0000000000007f54       0x1c Output/Debug/Obj/nRF52840_DK_BaseCode/nrfx_usbd.o
 .text._NRFX_IRQ_IS_ENABLED
                0x0000000000007f70       0x4c Output/Debug/Obj/nRF52840_DK_BaseCode/nrfx_usbd.o
 .text._NRFX_IRQ_DISABLE
                0x0000000000007fbc       0x1c Output/Debug/Obj/nRF52840_DK_BaseCode/nrfx_usbd.o
 .text._NRFX_IRQ_PENDING_SET
                0x0000000000007fd8       0x1c Output/Debug/Obj/nRF52840_DK_BaseCode/nrfx_usbd.o
 .text._NRFX_IRQ_PENDING_CLEAR
                0x0000000000007ff4       0x1c Output/Debug/Obj/nRF52840_DK_BaseCode/nrfx_usbd.o
 .text.nrf_usbd_getRegPtr
                0x0000000000008010       0x14 Output/Debug/Obj/nRF52840_DK_BaseCode/nrfx_usbd.o
 .text.nrf_usbd_getRegPtr_c
                0x0000000000008024       0x14 Output/Debug/Obj/nRF52840_DK_BaseCode/nrfx_usbd.o
 .text.nrf_usbd_task_trigger
                0x0000000000008038       0x2e Output/Debug/Obj/nRF52840_DK_BaseCode/nrfx_usbd.o
 .text.nrf_usbd_event_clear
                0x0000000000008066       0x2e Output/Debug/Obj/nRF52840_DK_BaseCode/nrfx_usbd.o
 .text.nrf_usbd_event_check
                0x0000000000008094       0x2a Output/Debug/Obj/nRF52840_DK_BaseCode/nrfx_usbd.o
 .text.nrf_usbd_event_get_and_clear
                0x00000000000080be       0x38 Output/Debug/Obj/nRF52840_DK_BaseCode/nrfx_usbd.o
 *fill*         0x00000000000080f6        0x2 
 .text.nrf_usbd_int_enable
                0x00000000000080f8       0x18 Output/Debug/Obj/nRF52840_DK_BaseCode/nrfx_usbd.o
 .text.nrf_usbd_int_enable_get
                0x0000000000008110       0x10 Output/Debug/Obj/nRF52840_DK_BaseCode/nrfx_usbd.o
 .text.nrf_usbd_int_disable
                0x0000000000008120       0x18 Output/Debug/Obj/nRF52840_DK_BaseCode/nrfx_usbd.o
 .text.nrf_usbd_enable
                0x0000000000008138       0x1c Output/Debug/Obj/nRF52840_DK_BaseCode/nrfx_usbd.o
 .text.nrf_usbd_disable
                0x0000000000008154       0x1c Output/Debug/Obj/nRF52840_DK_BaseCode/nrfx_usbd.o
 .text.nrf_usbd_eventcause_get
                0x0000000000008170       0x10 Output/Debug/Obj/nRF52840_DK_BaseCode/nrfx_usbd.o
 .text.nrf_usbd_eventcause_clear
                0x0000000000008180       0x24 Output/Debug/Obj/nRF52840_DK_BaseCode/nrfx_usbd.o
 .text.nrf_usbd_eventcause_get_and_clear
                0x00000000000081a4       0x26 Output/Debug/Obj/nRF52840_DK_BaseCode/nrfx_usbd.o
 *fill*         0x00000000000081ca        0x2 
 .text.nrf_usbd_haltedep
                0x00000000000081cc       0x74 Output/Debug/Obj/nRF52840_DK_BaseCode/nrfx_usbd.o
 .text.nrf_usbd_ep_is_stall
                0x0000000000008240       0x38 Output/Debug/Obj/nRF52840_DK_BaseCode/nrfx_usbd.o
 .text.nrf_usbd_epdatastatus_get
                0x0000000000008278       0x10 Output/Debug/Obj/nRF52840_DK_BaseCode/nrfx_usbd.o
 .text.nrf_usbd_epdatastatus_clear
                0x0000000000008288       0x24 Output/Debug/Obj/nRF52840_DK_BaseCode/nrfx_usbd.o
 .text.nrf_usbd_epdatastatus_get_and_clear
                0x00000000000082ac       0x1a Output/Debug/Obj/nRF52840_DK_BaseCode/nrfx_usbd.o
 *fill*         0x00000000000082c6        0x2 
 .text.nrf_usbd_setup_bmrequesttype_get
                0x00000000000082c8       0x10 Output/Debug/Obj/nRF52840_DK_BaseCode/nrfx_usbd.o
 .text.nrf_usbd_setup_brequest_get
                0x00000000000082d8       0x10 Output/Debug/Obj/nRF52840_DK_BaseCode/nrfx_usbd.o
 .text.nrf_usbd_setup_wvalue_get
                0x00000000000082e8       0x2c Output/Debug/Obj/nRF52840_DK_BaseCode/nrfx_usbd.o
 .text.nrf_usbd_setup_windex_get
                0x0000000000008314       0x2c Output/Debug/Obj/nRF52840_DK_BaseCode/nrfx_usbd.o
 .text.nrf_usbd_setup_wlength_get
                0x0000000000008340       0x2c Output/Debug/Obj/nRF52840_DK_BaseCode/nrfx_usbd.o
 .text.nrf_usbd_epout_size_get
                0x000000000000836c       0xac Output/Debug/Obj/nRF52840_DK_BaseCode/nrfx_usbd.o
 .text.nrf_usbd_episoout_size_get
                0x0000000000008418       0x9c Output/Debug/Obj/nRF52840_DK_BaseCode/nrfx_usbd.o
 .text.nrf_usbd_epout_clear
                0x00000000000084b4       0x58 Output/Debug/Obj/nRF52840_DK_BaseCode/nrfx_usbd.o
 .text.nrf_usbd_pullup_enable
                0x000000000000850c       0x1c Output/Debug/Obj/nRF52840_DK_BaseCode/nrfx_usbd.o
 .text.nrf_usbd_pullup_disable
                0x0000000000008528       0x1c Output/Debug/Obj/nRF52840_DK_BaseCode/nrfx_usbd.o
 .text.nrf_usbd_dpdmvalue_set
                0x0000000000008544       0x1c Output/Debug/Obj/nRF52840_DK_BaseCode/nrfx_usbd.o
 .text.nrf_usbd_dtoggle_set
                0x0000000000008560       0x98 Output/Debug/Obj/nRF52840_DK_BaseCode/nrfx_usbd.o
 .text.nrf_usbd_ep_enable_check
                0x00000000000085f8       0x9c Output/Debug/Obj/nRF52840_DK_BaseCode/nrfx_usbd.o
 .text.nrf_usbd_ep_enable
                0x0000000000008694       0xa0 Output/Debug/Obj/nRF52840_DK_BaseCode/nrfx_usbd.o
 .text.nrf_usbd_ep_disable
                0x0000000000008734       0xa4 Output/Debug/Obj/nRF52840_DK_BaseCode/nrfx_usbd.o
 .text.nrf_usbd_ep_stall
                0x00000000000087d8       0x4c Output/Debug/Obj/nRF52840_DK_BaseCode/nrfx_usbd.o
 .text.nrf_usbd_ep_unstall
                0x0000000000008824       0x48 Output/Debug/Obj/nRF52840_DK_BaseCode/nrfx_usbd.o
 .text.nrf_usbd_isosplit_set
                0x000000000000886c       0x1c Output/Debug/Obj/nRF52840_DK_BaseCode/nrfx_usbd.o
 .text.nrf_usbd_isosplit_get
                0x0000000000008888       0x10 Output/Debug/Obj/nRF52840_DK_BaseCode/nrfx_usbd.o
 .text.nrf_usbd_framecntr_get
                0x0000000000008898       0x10 Output/Debug/Obj/nRF52840_DK_BaseCode/nrfx_usbd.o
 .text.nrf_usbd_lowpower_enable
                0x00000000000088a8       0x10 Output/Debug/Obj/nRF52840_DK_BaseCode/nrfx_usbd.o
 .text.nrf_usbd_lowpower_disable
                0x00000000000088b8       0x10 Output/Debug/Obj/nRF52840_DK_BaseCode/nrfx_usbd.o
 .text.nrf_usbd_lowpower_check
                0x00000000000088c8       0x18 Output/Debug/Obj/nRF52840_DK_BaseCode/nrfx_usbd.o
 .text.nrf_usbd_isoinconfig_set
                0x00000000000088e0       0x1c Output/Debug/Obj/nRF52840_DK_BaseCode/nrfx_usbd.o
 .text.nrf_usbd_ep_easydma_set
                0x00000000000088fc      0x100 Output/Debug/Obj/nRF52840_DK_BaseCode/nrfx_usbd.o
 .text.nrfx_usbd_errata_type_52840
                0x00000000000089fc       0x18 Output/Debug/Obj/nRF52840_DK_BaseCode/nrfx_usbd.o
 .text.nrfx_usbd_errata_type_52840_eng_b_or_later
                0x0000000000008a14       0x28 Output/Debug/Obj/nRF52840_DK_BaseCode/nrfx_usbd.o
 .text.nrfx_usbd_errata_type_52833
                0x0000000000008a3c       0x18 Output/Debug/Obj/nRF52840_DK_BaseCode/nrfx_usbd.o
 .text.nrfx_usbd_errata_104
                0x0000000000008a54       0x2c Output/Debug/Obj/nRF52840_DK_BaseCode/nrfx_usbd.o
 .text.nrfx_usbd_errata_166
                0x0000000000008a80        0xc Output/Debug/Obj/nRF52840_DK_BaseCode/nrfx_usbd.o
 .text.nrfx_usbd_errata_171
                0x0000000000008a8c        0xc Output/Debug/Obj/nRF52840_DK_BaseCode/nrfx_usbd.o
 .text.nrfx_usbd_errata_187
                0x0000000000008a98       0x26 Output/Debug/Obj/nRF52840_DK_BaseCode/nrfx_usbd.o
 .text.nrfx_usbd_errata_199
                0x0000000000008abe        0xc Output/Debug/Obj/nRF52840_DK_BaseCode/nrfx_usbd.o
 .text.nrfx_usbd_errata_200
                0x0000000000008aca       0x2c Output/Debug/Obj/nRF52840_DK_BaseCode/nrfx_usbd.o
 *fill*         0x0000000000008af6        0x2 
 .text.nrfx_usbd_ep_to_endevent
                0x0000000000008af8       0x6c Output/Debug/Obj/nRF52840_DK_BaseCode/nrfx_usbd.o
 .text.nrfx_usbd_ep_to_int
                0x0000000000008b64       0x70 Output/Debug/Obj/nRF52840_DK_BaseCode/nrfx_usbd.o
 .text.nrfx_usbd_consumer
                0x0000000000008bd4       0xb0 Output/Debug/Obj/nRF52840_DK_BaseCode/nrfx_usbd.o
                0x0000000000008bd4                nrfx_usbd_consumer
 .text.nrfx_usbd_feeder_ram
                0x0000000000008c84       0x7c Output/Debug/Obj/nRF52840_DK_BaseCode/nrfx_usbd.o
                0x0000000000008c84                nrfx_usbd_feeder_ram
 .text.nrfx_usbd_feeder_ram_zlp
                0x0000000000008d00       0x84 Output/Debug/Obj/nRF52840_DK_BaseCode/nrfx_usbd.o
                0x0000000000008d00                nrfx_usbd_feeder_ram_zlp
 .text.nrfx_usbd_feeder_flash
                0x0000000000008d84       0xa4 Output/Debug/Obj/nRF52840_DK_BaseCode/nrfx_usbd.o
                0x0000000000008d84                nrfx_usbd_feeder_flash
 .text.nrfx_usbd_feeder_flash_zlp
                0x0000000000008e28       0xb0 Output/Debug/Obj/nRF52840_DK_BaseCode/nrfx_usbd.o
                0x0000000000008e28                nrfx_usbd_feeder_flash_zlp
 .text.ep_to_hal
                0x0000000000008ed8       0x4c Output/Debug/Obj/nRF52840_DK_BaseCode/nrfx_usbd.o
 .text.task_start_ep
                0x0000000000008f24       0x68 Output/Debug/Obj/nRF52840_DK_BaseCode/nrfx_usbd.o
 .text.ep_state_access
                0x0000000000008f8c       0x6c Output/Debug/Obj/nRF52840_DK_BaseCode/nrfx_usbd.o
 .text.ep2bit   0x0000000000008ff8       0x64 Output/Debug/Obj/nRF52840_DK_BaseCode/nrfx_usbd.o
 .text.bit2ep   0x000000000000905c       0x2a Output/Debug/Obj/nRF52840_DK_BaseCode/nrfx_usbd.o
 *fill*         0x0000000000009086        0x2 
 .text.usbd_dma_pending_set
                0x0000000000009088       0x24 Output/Debug/Obj/nRF52840_DK_BaseCode/nrfx_usbd.o
 .text.usbd_dma_pending_clear
                0x00000000000090ac       0x24 Output/Debug/Obj/nRF52840_DK_BaseCode/nrfx_usbd.o
 .text.usbd_dma_start
                0x00000000000090d0       0x24 Output/Debug/Obj/nRF52840_DK_BaseCode/nrfx_usbd.o
 .text.nrfx_usbd_isoinconfig_set
                0x00000000000090f4       0x1c Output/Debug/Obj/nRF52840_DK_BaseCode/nrfx_usbd.o
                0x00000000000090f4                nrfx_usbd_isoinconfig_set
 .text.usbd_ep_abort
                0x0000000000009110      0x1c0 Output/Debug/Obj/nRF52840_DK_BaseCode/nrfx_usbd.o
 .text.nrfx_usbd_ep_abort
                0x00000000000092d0       0x1c Output/Debug/Obj/nRF52840_DK_BaseCode/nrfx_usbd.o
                0x00000000000092d0                nrfx_usbd_ep_abort
 .text.usbd_ep_abort_all
                0x00000000000092ec       0x84 Output/Debug/Obj/nRF52840_DK_BaseCode/nrfx_usbd.o
 .text.usbd_int_rise
                0x0000000000009370        0xc Output/Debug/Obj/nRF52840_DK_BaseCode/nrfx_usbd.o
 .text.ev_usbreset_handler
                0x000000000000937c       0x38 Output/Debug/Obj/nRF52840_DK_BaseCode/nrfx_usbd.o
 .text.ev_started_handler
                0x00000000000093b4        0x4 Output/Debug/Obj/nRF52840_DK_BaseCode/nrfx_usbd.o
 .text.nrf_usbd_ep0in_dma_handler
                0x00000000000093b8       0x70 Output/Debug/Obj/nRF52840_DK_BaseCode/nrfx_usbd.o
 .text.nrf_usbd_epin_dma_handler
                0x0000000000009428       0xb4 Output/Debug/Obj/nRF52840_DK_BaseCode/nrfx_usbd.o
 .text.nrf_usbd_epiniso_dma_handler
                0x00000000000094dc       0xc0 Output/Debug/Obj/nRF52840_DK_BaseCode/nrfx_usbd.o
 .text.nrf_usbd_ep0out_dma_handler
                0x000000000000959c       0x98 Output/Debug/Obj/nRF52840_DK_BaseCode/nrfx_usbd.o
 .text.nrf_usbd_epout_dma_handler
                0x0000000000009634       0xd8 Output/Debug/Obj/nRF52840_DK_BaseCode/nrfx_usbd.o
 .text.nrf_usbd_epoutiso_dma_handler
                0x000000000000970c       0x90 Output/Debug/Obj/nRF52840_DK_BaseCode/nrfx_usbd.o
 .text.ev_dma_epin0_handler
                0x000000000000979c        0xa Output/Debug/Obj/nRF52840_DK_BaseCode/nrfx_usbd.o
 .text.ev_dma_epin1_handler
                0x00000000000097a6        0xc Output/Debug/Obj/nRF52840_DK_BaseCode/nrfx_usbd.o
 .text.ev_dma_epin2_handler
                0x00000000000097b2        0xc Output/Debug/Obj/nRF52840_DK_BaseCode/nrfx_usbd.o
 .text.ev_dma_epin3_handler
                0x00000000000097be        0xc Output/Debug/Obj/nRF52840_DK_BaseCode/nrfx_usbd.o
 .text.ev_dma_epin4_handler
                0x00000000000097ca        0xc Output/Debug/Obj/nRF52840_DK_BaseCode/nrfx_usbd.o
 .text.ev_dma_epin5_handler
                0x00000000000097d6        0xc Output/Debug/Obj/nRF52840_DK_BaseCode/nrfx_usbd.o
 .text.ev_dma_epin6_handler
                0x00000000000097e2        0xc Output/Debug/Obj/nRF52840_DK_BaseCode/nrfx_usbd.o
 .text.ev_dma_epin7_handler
                0x00000000000097ee        0xc Output/Debug/Obj/nRF52840_DK_BaseCode/nrfx_usbd.o
 .text.ev_dma_epin8_handler
                0x00000000000097fa        0xc Output/Debug/Obj/nRF52840_DK_BaseCode/nrfx_usbd.o
 .text.ev_dma_epout0_handler
                0x0000000000009806        0xa Output/Debug/Obj/nRF52840_DK_BaseCode/nrfx_usbd.o
 .text.ev_dma_epout1_handler
                0x0000000000009810        0xc Output/Debug/Obj/nRF52840_DK_BaseCode/nrfx_usbd.o
 .text.ev_dma_epout2_handler
                0x000000000000981c        0xc Output/Debug/Obj/nRF52840_DK_BaseCode/nrfx_usbd.o
 .text.ev_dma_epout3_handler
                0x0000000000009828        0xc Output/Debug/Obj/nRF52840_DK_BaseCode/nrfx_usbd.o
 .text.ev_dma_epout4_handler
                0x0000000000009834        0xc Output/Debug/Obj/nRF52840_DK_BaseCode/nrfx_usbd.o
 .text.ev_dma_epout5_handler
                0x0000000000009840        0xc Output/Debug/Obj/nRF52840_DK_BaseCode/nrfx_usbd.o
 .text.ev_dma_epout6_handler
                0x000000000000984c        0xc Output/Debug/Obj/nRF52840_DK_BaseCode/nrfx_usbd.o
 .text.ev_dma_epout7_handler
                0x0000000000009858        0xc Output/Debug/Obj/nRF52840_DK_BaseCode/nrfx_usbd.o
 .text.ev_dma_epout8_handler
                0x0000000000009864        0xc Output/Debug/Obj/nRF52840_DK_BaseCode/nrfx_usbd.o
 .text.ev_sof_handler
                0x0000000000009870       0x70 Output/Debug/Obj/nRF52840_DK_BaseCode/nrfx_usbd.o
 .text.usbd_ep_data_handler
                0x00000000000098e0       0xd4 Output/Debug/Obj/nRF52840_DK_BaseCode/nrfx_usbd.o
 .text.ev_setup_data_handler
                0x00000000000099b4       0x24 Output/Debug/Obj/nRF52840_DK_BaseCode/nrfx_usbd.o
 .text.ev_setup_handler
                0x00000000000099d8       0xc0 Output/Debug/Obj/nRF52840_DK_BaseCode/nrfx_usbd.o
 .text.ev_usbevent_handler
                0x0000000000009a98       0xbc Output/Debug/Obj/nRF52840_DK_BaseCode/nrfx_usbd.o
 .text.ev_epdata_handler
                0x0000000000009b54       0x90 Output/Debug/Obj/nRF52840_DK_BaseCode/nrfx_usbd.o
 .text.usbd_dma_scheduler_algorithm
                0x0000000000009be4       0x1e Output/Debug/Obj/nRF52840_DK_BaseCode/nrfx_usbd.o
 .text.usbd_ep_iso_capacity
                0x0000000000009c02       0x2e Output/Debug/Obj/nRF52840_DK_BaseCode/nrfx_usbd.o
 .text.usbd_dmareq_process
                0x0000000000009c30      0x284 Output/Debug/Obj/nRF52840_DK_BaseCode/nrfx_usbd.o
 .text.USBD_IRQHandler
                0x0000000000009eb4      0x2c4 Output/Debug/Obj/nRF52840_DK_BaseCode/nrfx_usbd.o
                0x0000000000009eb4                USBD_IRQHandler
 .text.nrfx_usbd_init
                0x000000000000a178      0x108 Output/Debug/Obj/nRF52840_DK_BaseCode/nrfx_usbd.o
                0x000000000000a178                nrfx_usbd_init
 .text.nrfx_usbd_uninit
                0x000000000000a280       0x30 Output/Debug/Obj/nRF52840_DK_BaseCode/nrfx_usbd.o
                0x000000000000a280                nrfx_usbd_uninit
 .text.nrfx_usbd_enable
                0x000000000000a2b0      0x1a4 Output/Debug/Obj/nRF52840_DK_BaseCode/nrfx_usbd.o
                0x000000000000a2b0                nrfx_usbd_enable
 .text.nrfx_usbd_disable
                0x000000000000a454       0x40 Output/Debug/Obj/nRF52840_DK_BaseCode/nrfx_usbd.o
                0x000000000000a454                nrfx_usbd_disable
 .text.nrfx_usbd_start
                0x000000000000a494       0x70 Output/Debug/Obj/nRF52840_DK_BaseCode/nrfx_usbd.o
                0x000000000000a494                nrfx_usbd_start
 .text.nrfx_usbd_stop
                0x000000000000a504       0x48 Output/Debug/Obj/nRF52840_DK_BaseCode/nrfx_usbd.o
                0x000000000000a504                nrfx_usbd_stop
 .text.nrfx_usbd_is_initialized
                0x000000000000a54c       0x18 Output/Debug/Obj/nRF52840_DK_BaseCode/nrfx_usbd.o
                0x000000000000a54c                nrfx_usbd_is_initialized
 .text.nrfx_usbd_is_enabled
                0x000000000000a564       0x18 Output/Debug/Obj/nRF52840_DK_BaseCode/nrfx_usbd.o
                0x000000000000a564                nrfx_usbd_is_enabled
 .text.nrfx_usbd_is_started
                0x000000000000a57c       0x28 Output/Debug/Obj/nRF52840_DK_BaseCode/nrfx_usbd.o
                0x000000000000a57c                nrfx_usbd_is_started
 .text.nrfx_usbd_suspend
                0x000000000000a5a4       0x60 Output/Debug/Obj/nRF52840_DK_BaseCode/nrfx_usbd.o
                0x000000000000a5a4                nrfx_usbd_suspend
 .text.nrfx_usbd_wakeup_req
                0x000000000000a604       0x7c Output/Debug/Obj/nRF52840_DK_BaseCode/nrfx_usbd.o
                0x000000000000a604                nrfx_usbd_wakeup_req
 .text.nrfx_usbd_suspend_irq_config
                0x000000000000a680       0x14 Output/Debug/Obj/nRF52840_DK_BaseCode/nrfx_usbd.o
                0x000000000000a680                nrfx_usbd_suspend_irq_config
 .text.nrfx_usbd_active_irq_config
                0x000000000000a694       0x14 Output/Debug/Obj/nRF52840_DK_BaseCode/nrfx_usbd.o
                0x000000000000a694                nrfx_usbd_active_irq_config
 .text.nrfx_usbd_force_bus_wakeup
                0x000000000000a6a8       0x10 Output/Debug/Obj/nRF52840_DK_BaseCode/nrfx_usbd.o
                0x000000000000a6a8                nrfx_usbd_force_bus_wakeup
 .text.nrfx_usbd_ep_max_packet_size_set
                0x000000000000a6b8       0xa4 Output/Debug/Obj/nRF52840_DK_BaseCode/nrfx_usbd.o
                0x000000000000a6b8                nrfx_usbd_ep_max_packet_size_set
 .text.nrfx_usbd_ep_max_packet_size_get
                0x000000000000a75c       0x22 Output/Debug/Obj/nRF52840_DK_BaseCode/nrfx_usbd.o
                0x000000000000a75c                nrfx_usbd_ep_max_packet_size_get
 .text.nrfx_usbd_ep_enable_check
                0x000000000000a77e       0x26 Output/Debug/Obj/nRF52840_DK_BaseCode/nrfx_usbd.o
                0x000000000000a77e                nrfx_usbd_ep_enable_check
 .text.nrfx_usbd_ep_enable
                0x000000000000a7a4       0xa0 Output/Debug/Obj/nRF52840_DK_BaseCode/nrfx_usbd.o
                0x000000000000a7a4                nrfx_usbd_ep_enable
 .text.nrfx_usbd_ep_disable
                0x000000000000a844       0x40 Output/Debug/Obj/nRF52840_DK_BaseCode/nrfx_usbd.o
                0x000000000000a844                nrfx_usbd_ep_disable
 .text.nrfx_usbd_ep_transfer
                0x000000000000a884      0x19c Output/Debug/Obj/nRF52840_DK_BaseCode/nrfx_usbd.o
                0x000000000000a884                nrfx_usbd_ep_transfer
 .text.nrfx_usbd_ep_handled_transfer
                0x000000000000aa20       0xd8 Output/Debug/Obj/nRF52840_DK_BaseCode/nrfx_usbd.o
                0x000000000000aa20                nrfx_usbd_ep_handled_transfer
 .text.nrfx_usbd_feeder_buffer_get
                0x000000000000aaf8        0xc Output/Debug/Obj/nRF52840_DK_BaseCode/nrfx_usbd.o
                0x000000000000aaf8                nrfx_usbd_feeder_buffer_get
 .text.nrfx_usbd_epout_size_get
                0x000000000000ab04       0x26 Output/Debug/Obj/nRF52840_DK_BaseCode/nrfx_usbd.o
                0x000000000000ab04                nrfx_usbd_epout_size_get
 .text.nrfx_usbd_ep_stall
                0x000000000000ab2a       0x24 Output/Debug/Obj/nRF52840_DK_BaseCode/nrfx_usbd.o
                0x000000000000ab2a                nrfx_usbd_ep_stall
 .text.nrfx_usbd_ep_stall_clear
                0x000000000000ab4e       0x46 Output/Debug/Obj/nRF52840_DK_BaseCode/nrfx_usbd.o
                0x000000000000ab4e                nrfx_usbd_ep_stall_clear
 .text.nrfx_usbd_ep_stall_check
                0x000000000000ab94       0x26 Output/Debug/Obj/nRF52840_DK_BaseCode/nrfx_usbd.o
                0x000000000000ab94                nrfx_usbd_ep_stall_check
 .text.nrfx_usbd_ep_dtoggle_clear
                0x000000000000abba       0x1e Output/Debug/Obj/nRF52840_DK_BaseCode/nrfx_usbd.o
                0x000000000000abba                nrfx_usbd_ep_dtoggle_clear
 .text.nrfx_usbd_setup_get
                0x000000000000abd8       0x54 Output/Debug/Obj/nRF52840_DK_BaseCode/nrfx_usbd.o
                0x000000000000abd8                nrfx_usbd_setup_get
 .text.nrfx_usbd_setup_data_clear
                0x000000000000ac2c       0x44 Output/Debug/Obj/nRF52840_DK_BaseCode/nrfx_usbd.o
                0x000000000000ac2c                nrfx_usbd_setup_data_clear
 .text.nrfx_usbd_setup_clear
                0x000000000000ac70        0xc Output/Debug/Obj/nRF52840_DK_BaseCode/nrfx_usbd.o
                0x000000000000ac70                nrfx_usbd_setup_clear
 .text.nrfx_usbd_setup_stall
                0x000000000000ac7c        0xc Output/Debug/Obj/nRF52840_DK_BaseCode/nrfx_usbd.o
                0x000000000000ac7c                nrfx_usbd_setup_stall
 .text.nrfx_usbd_last_setup_dir_get
                0x000000000000ac88        0xc Output/Debug/Obj/nRF52840_DK_BaseCode/nrfx_usbd.o
                0x000000000000ac88                nrfx_usbd_last_setup_dir_get
 .text.nrfx_usbd_transfer_out_drop
                0x000000000000ac94       0xc8 Output/Debug/Obj/nRF52840_DK_BaseCode/nrfx_usbd.o
                0x000000000000ac94                nrfx_usbd_transfer_out_drop
 .text.NVIC_EnableIRQ
                0x000000000000ad5c       0x2c Output/Debug/Obj/nRF52840_DK_BaseCode/nrfx_clock.o
 .text.NVIC_SetPriority
                0x000000000000ad88       0x50 Output/Debug/Obj/nRF52840_DK_BaseCode/nrfx_clock.o
 .text.nrfx_get_irq_number
                0x000000000000add8       0x10 Output/Debug/Obj/nRF52840_DK_BaseCode/nrfx_clock.o
 .text._NRFX_IRQ_PRIORITY_SET
                0x000000000000ade8       0x40 Output/Debug/Obj/nRF52840_DK_BaseCode/nrfx_clock.o
 .text._NRFX_IRQ_ENABLE
                0x000000000000ae28       0x1c Output/Debug/Obj/nRF52840_DK_BaseCode/nrfx_clock.o
 .text._NRFX_IRQ_IS_ENABLED
                0x000000000000ae44       0x4c Output/Debug/Obj/nRF52840_DK_BaseCode/nrfx_clock.o
 .text.nrf_clock_int_enable
                0x000000000000ae90       0x14 Output/Debug/Obj/nRF52840_DK_BaseCode/nrfx_clock.o
 .text.nrf_clock_int_disable
                0x000000000000aea4       0x14 Output/Debug/Obj/nRF52840_DK_BaseCode/nrfx_clock.o
 .text.nrf_clock_task_trigger
                0x000000000000aeb8       0x1a Output/Debug/Obj/nRF52840_DK_BaseCode/nrfx_clock.o
 .text.nrf_clock_event_clear
                0x000000000000aed2       0x28 Output/Debug/Obj/nRF52840_DK_BaseCode/nrfx_clock.o
 .text.nrf_clock_event_check
                0x000000000000aefa       0x22 Output/Debug/Obj/nRF52840_DK_BaseCode/nrfx_clock.o
 .text.nrf_clock_lf_src_set
                0x000000000000af1c       0x14 Output/Debug/Obj/nRF52840_DK_BaseCode/nrfx_clock.o
 .text.nrf_clock_hf_is_running
                0x000000000000af30       0x2c Output/Debug/Obj/nRF52840_DK_BaseCode/nrfx_clock.o
 .text.nrfx_power_clock_irq_init
                0x000000000000af5c       0x56 Output/Debug/Obj/nRF52840_DK_BaseCode/nrfx_clock.o
 *fill*         0x000000000000afb2        0x2 
 .text.nrfx_clock_init
                0x000000000000afb4       0x4c Output/Debug/Obj/nRF52840_DK_BaseCode/nrfx_clock.o
                0x000000000000afb4                nrfx_clock_init
 .text.nrfx_clock_enable
                0x000000000000b000       0x34 Output/Debug/Obj/nRF52840_DK_BaseCode/nrfx_clock.o
                0x000000000000b000                nrfx_clock_enable
 .text.nrfx_clock_lfclk_start
                0x000000000000b034       0x34 Output/Debug/Obj/nRF52840_DK_BaseCode/nrfx_clock.o
                0x000000000000b034                nrfx_clock_lfclk_start
 .text.nrfx_clock_hfclk_start
                0x000000000000b068       0x34 Output/Debug/Obj/nRF52840_DK_BaseCode/nrfx_clock.o
                0x000000000000b068                nrfx_clock_hfclk_start
 .text.nrfx_clock_hfclk_stop
                0x000000000000b09c       0x3c Output/Debug/Obj/nRF52840_DK_BaseCode/nrfx_clock.o
                0x000000000000b09c                nrfx_clock_hfclk_stop
 .text.nrfx_clock_irq_handler
                0x000000000000b0d8       0x68 Output/Debug/Obj/nRF52840_DK_BaseCode/nrfx_clock.o
                0x000000000000b0d8                nrfx_clock_irq_handler
 .text.nrf_clock_lf_is_running
                0x000000000000b140       0x1c Output/Debug/Obj/nRF52840_DK_BaseCode/nrf_drv_clock.o
 .text.nrfx_clock_lfclk_is_running
                0x000000000000b15c        0xc Output/Debug/Obj/nRF52840_DK_BaseCode/nrf_drv_clock.o
 .text.hfclk_start
                0x000000000000b168        0xa Output/Debug/Obj/nRF52840_DK_BaseCode/nrf_drv_clock.o
 *fill*         0x000000000000b172        0x2 
 .text.hfclk_stop
                0x000000000000b174       0x14 Output/Debug/Obj/nRF52840_DK_BaseCode/nrf_drv_clock.o
 .text.nrf_drv_clock_init_check
                0x000000000000b188        0xc Output/Debug/Obj/nRF52840_DK_BaseCode/nrf_drv_clock.o
                0x000000000000b188                nrf_drv_clock_init_check
 .text.nrf_drv_clock_init
                0x000000000000b194       0x54 Output/Debug/Obj/nRF52840_DK_BaseCode/nrf_drv_clock.o
                0x000000000000b194                nrf_drv_clock_init
 .text.item_enqueue
                0x000000000000b1e8       0x38 Output/Debug/Obj/nRF52840_DK_BaseCode/nrf_drv_clock.o
 .text.item_dequeue
                0x000000000000b220       0x20 Output/Debug/Obj/nRF52840_DK_BaseCode/nrf_drv_clock.o
 .text.nrf_drv_clock_lfclk_request
                0x000000000000b240       0x9c Output/Debug/Obj/nRF52840_DK_BaseCode/nrf_drv_clock.o
                0x000000000000b240                nrf_drv_clock_lfclk_request
 .text.nrf_drv_clock_lfclk_is_running
                0x000000000000b2dc       0x28 Output/Debug/Obj/nRF52840_DK_BaseCode/nrf_drv_clock.o
                0x000000000000b2dc                nrf_drv_clock_lfclk_is_running
 .text.nrf_drv_clock_hfclk_request
                0x000000000000b304       0xa0 Output/Debug/Obj/nRF52840_DK_BaseCode/nrf_drv_clock.o
                0x000000000000b304                nrf_drv_clock_hfclk_request
 .text.nrf_drv_clock_hfclk_release
                0x000000000000b3a4       0x54 Output/Debug/Obj/nRF52840_DK_BaseCode/nrf_drv_clock.o
                0x000000000000b3a4                nrf_drv_clock_hfclk_release
 .text.clock_clk_started_notify
                0x000000000000b3f8       0x4c Output/Debug/Obj/nRF52840_DK_BaseCode/nrf_drv_clock.o
 .text.clock_irq_handler
                0x000000000000b444       0x40 Output/Debug/Obj/nRF52840_DK_BaseCode/nrf_drv_clock.o
 .text.nrf_drv_power_init
                0x000000000000b484       0x44 Output/Debug/Obj/nRF52840_DK_BaseCode/nrf_drv_power.o
                0x000000000000b484                nrf_drv_power_init
 .text.nrf_drv_power_usbevt_init
                0x000000000000b4c8       0x1e Output/Debug/Obj/nRF52840_DK_BaseCode/nrf_drv_power.o
                0x000000000000b4c8                nrf_drv_power_usbevt_init
 .text.nrf_drv_power_usbevt_uninit
                0x000000000000b4e6        0xe Output/Debug/Obj/nRF52840_DK_BaseCode/nrf_drv_power.o
                0x000000000000b4e6                nrf_drv_power_usbevt_uninit
 .text.NVIC_EnableIRQ
                0x000000000000b4f4       0x2c Output/Debug/Obj/nRF52840_DK_BaseCode/nrfx_power.o
 .text.NVIC_SetPriority
                0x000000000000b520       0x50 Output/Debug/Obj/nRF52840_DK_BaseCode/nrfx_power.o
 .text.nrfx_get_irq_number
                0x000000000000b570       0x10 Output/Debug/Obj/nRF52840_DK_BaseCode/nrfx_power.o
 .text._NRFX_IRQ_PRIORITY_SET
                0x000000000000b580       0x40 Output/Debug/Obj/nRF52840_DK_BaseCode/nrfx_power.o
 .text._NRFX_IRQ_ENABLE
                0x000000000000b5c0       0x1c Output/Debug/Obj/nRF52840_DK_BaseCode/nrfx_power.o
 .text._NRFX_IRQ_IS_ENABLED
                0x000000000000b5dc       0x4c Output/Debug/Obj/nRF52840_DK_BaseCode/nrfx_power.o
 .text.nrf_power_event_clear
                0x000000000000b628       0x28 Output/Debug/Obj/nRF52840_DK_BaseCode/nrfx_power.o
 .text.nrf_power_event_check
                0x000000000000b650       0x22 Output/Debug/Obj/nRF52840_DK_BaseCode/nrfx_power.o
 .text.nrf_power_event_get_and_clear
                0x000000000000b672       0x38 Output/Debug/Obj/nRF52840_DK_BaseCode/nrfx_power.o
 .text.nrf_power_int_enable
                0x000000000000b6aa       0x14 Output/Debug/Obj/nRF52840_DK_BaseCode/nrfx_power.o
 .text.nrf_power_int_enable_get
                0x000000000000b6be        0xc Output/Debug/Obj/nRF52840_DK_BaseCode/nrfx_power.o
 .text.nrf_power_int_disable
                0x000000000000b6ca       0x14 Output/Debug/Obj/nRF52840_DK_BaseCode/nrfx_power.o
 .text.nrf_power_dcdcen_set
                0x000000000000b6de       0x24 Output/Debug/Obj/nRF52840_DK_BaseCode/nrfx_power.o
 .text.nrf_power_dcdcen_vddh_set
                0x000000000000b702       0x24 Output/Debug/Obj/nRF52840_DK_BaseCode/nrfx_power.o
 .text.nrfx_power_clock_irq_init
                0x000000000000b726       0x56 Output/Debug/Obj/nRF52840_DK_BaseCode/nrfx_power.o
 .text.nrfx_power_init
                0x000000000000b77c       0x5c Output/Debug/Obj/nRF52840_DK_BaseCode/nrfx_power.o
                0x000000000000b77c                nrfx_power_init
 .text.nrfx_power_usbevt_init
                0x000000000000b7d8       0x38 Output/Debug/Obj/nRF52840_DK_BaseCode/nrfx_power.o
                0x000000000000b7d8                nrfx_power_usbevt_init
 .text.nrfx_power_usbevt_enable
                0x000000000000b810        0xe Output/Debug/Obj/nRF52840_DK_BaseCode/nrfx_power.o
                0x000000000000b810                nrfx_power_usbevt_enable
 .text.nrfx_power_usbevt_disable
                0x000000000000b81e        0xe Output/Debug/Obj/nRF52840_DK_BaseCode/nrfx_power.o
                0x000000000000b81e                nrfx_power_usbevt_disable
 .text.nrfx_power_usbevt_uninit
                0x000000000000b82c       0x10 Output/Debug/Obj/nRF52840_DK_BaseCode/nrfx_power.o
                0x000000000000b82c                nrfx_power_usbevt_uninit
 .text.nrfx_power_irq_handler
                0x000000000000b83c      0x14c Output/Debug/Obj/nRF52840_DK_BaseCode/nrfx_power.o
                0x000000000000b83c                nrfx_power_irq_handler
 .text.POWER_CLOCK_IRQHandler
                0x000000000000b988        0xe Output/Debug/Obj/nRF52840_DK_BaseCode/nrfx_power.o
                0x000000000000b988                POWER_CLOCK_IRQHandler
 .text.main     0x000000000000b996       0x5e Output/Debug/Obj/nRF52840_DK_BaseCode/main.o
                0x000000000000b996                main
 .text.app_init
                0x000000000000b9f4      0x110 Output/Debug/Obj/nRF52840_DK_BaseCode/app.o
                0x000000000000b9f4                app_init
 .text.app_hndl_10ms
                0x000000000000bb04       0x1a Output/Debug/Obj/nRF52840_DK_BaseCode/app.o
                0x000000000000bb04                app_hndl_10ms
 .text.app_hndl_100ms
                0x000000000000bb1e        0x4 Output/Debug/Obj/nRF52840_DK_BaseCode/app.o
                0x000000000000bb1e                app_hndl_100ms
 .text.app_hndl_1000ms
                0x000000000000bb22        0x4 Output/Debug/Obj/nRF52840_DK_BaseCode/app.o
                0x000000000000bb22                app_hndl_1000ms
 *fill*         0x000000000000bb26        0x2 
 .text.app_btn_1_pressed
                0x000000000000bb28       0x44 Output/Debug/Obj/nRF52840_DK_BaseCode/app.o
 .text.app_btn_1_released
                0x000000000000bb6c       0x2c Output/Debug/Obj/nRF52840_DK_BaseCode/app.o
 .text.app_btn_2_pressed
                0x000000000000bb98       0x44 Output/Debug/Obj/nRF52840_DK_BaseCode/app.o
 .text.app_btn_2_released
                0x000000000000bbdc       0x2c Output/Debug/Obj/nRF52840_DK_BaseCode/app.o
 .text.app_btn_3_pressed
                0x000000000000bc08       0x44 Output/Debug/Obj/nRF52840_DK_BaseCode/app.o
 .text.app_btn_3_released
                0x000000000000bc4c       0x2c Output/Debug/Obj/nRF52840_DK_BaseCode/app.o
 .text.app_btn_4_pressed
                0x000000000000bc78       0x44 Output/Debug/Obj/nRF52840_DK_BaseCode/app.o
 .text.app_btn_4_released
                0x000000000000bcbc       0x2c Output/Debug/Obj/nRF52840_DK_BaseCode/app.o
 .text.app_update_adc_pars
                0x000000000000bce8       0x9c Output/Debug/Obj/nRF52840_DK_BaseCode/app.o
 .text.usb_cdc_plugged_cb
                0x000000000000bd84       0x1c Output/Debug/Obj/nRF52840_DK_BaseCode/app.o
                0x000000000000bd84                usb_cdc_plugged_cb
 .text.usb_cdc_unplugged_cb
                0x000000000000bda0        0xe Output/Debug/Obj/nRF52840_DK_BaseCode/app.o
                0x000000000000bda0                usb_cdc_unplugged_cb
 .text.usb_cdc_port_open_cb
                0x000000000000bdae        0xe Output/Debug/Obj/nRF52840_DK_BaseCode/app.o
                0x000000000000bdae                usb_cdc_port_open_cb
 .text.usb_cdc_port_close_cb
                0x000000000000bdbc       0x1c Output/Debug/Obj/nRF52840_DK_BaseCode/app.o
                0x000000000000bdbc                usb_cdc_port_close_cb
 .text.NVIC_SystemReset
                0x000000000000bdd8       0x2c Output/Debug/Obj/nRF52840_DK_BaseCode/system_nrf52840.o
 .text.SystemCoreClockUpdate
                0x000000000000be04       0x14 Output/Debug/Obj/nRF52840_DK_BaseCode/system_nrf52840.o
                0x000000000000be04                SystemCoreClockUpdate
 .text.SystemInit
                0x000000000000be18      0x254 Output/Debug/Obj/nRF52840_DK_BaseCode/system_nrf52840.o
                0x000000000000be18                SystemInit
 .text.errata_36
                0x000000000000c06c       0x48 Output/Debug/Obj/nRF52840_DK_BaseCode/system_nrf52840.o
 .text.errata_66
                0x000000000000c0b4       0x48 Output/Debug/Obj/nRF52840_DK_BaseCode/system_nrf52840.o
 .text.errata_98
                0x000000000000c0fc       0x24 Output/Debug/Obj/nRF52840_DK_BaseCode/system_nrf52840.o
 .text.errata_103
                0x000000000000c120       0x24 Output/Debug/Obj/nRF52840_DK_BaseCode/system_nrf52840.o
 .text.errata_115
                0x000000000000c144       0x24 Output/Debug/Obj/nRF52840_DK_BaseCode/system_nrf52840.o
 .text.errata_120
                0x000000000000c168       0x24 Output/Debug/Obj/nRF52840_DK_BaseCode/system_nrf52840.o
 .text.errata_136
                0x000000000000c18c       0x48 Output/Debug/Obj/nRF52840_DK_BaseCode/system_nrf52840.o
 .text.nrf_gpio_pin_port_decode
                0x000000000000c1d4       0x44 Output/Debug/Obj/nRF52840_DK_BaseCode/gpio.o
 .text.nrf_gpio_cfg
                0x000000000000c218       0x62 Output/Debug/Obj/nRF52840_DK_BaseCode/gpio.o
 .text.nrf_gpio_cfg_output
                0x000000000000c27a       0x22 Output/Debug/Obj/nRF52840_DK_BaseCode/gpio.o
 .text.nrf_gpio_cfg_input
                0x000000000000c29c       0x2a Output/Debug/Obj/nRF52840_DK_BaseCode/gpio.o
 .text.nrf_gpio_pin_set
                0x000000000000c2c6       0x28 Output/Debug/Obj/nRF52840_DK_BaseCode/gpio.o
 .text.nrf_gpio_pin_clear